Archive member included to satisfy reference by file (symbol)

../build/sipeed_tang_nano_9k//software/libc/libc.a(minimal__work_build_sipeed_tang_nano_9k_software_include_.._picolibc_src_libc_stdio_fgetc.o)
                              main.o (getc)
../build/sipeed_tang_nano_9k//software/libc/libc.a(minimal__work_build_sipeed_tang_nano_9k_software_include_.._picolibc_src_libc_stdio_fputc.o)
                              main.o (fputc)
../build/sipeed_tang_nano_9k//software/libc/libc.a(minimal__work_build_sipeed_tang_nano_9k_software_include_.._picolibc_src_libc_stdio_puts.o)
                              main.o (puts)
../build/sipeed_tang_nano_9k//software/libc/libc.a(_libc_minimal.a)
                              main.o (stdin)
../build/sipeed_tang_nano_9k//software/libbase/libbase.a(console.o)
                              main.o (readchar_nonblock)
../build/sipeed_tang_nano_9k//software/libbase/libbase.a(uart.o)
                              ../build/sipeed_tang_nano_9k//software/libc/libc.a(_libc_minimal.a) (uart_read)

Discarded input sections

 .data          0x00000000        0x0 crt0.o
 .bss           0x00000000        0x0 crt0.o
 .group         0x00000000        0xc main.o
 .group         0x00000000        0xc main.o
 .group         0x00000000        0xc main.o
 .group         0x00000000        0xc main.o
 .group         0x00000000        0xc main.o
 .group         0x00000000        0xc main.o
 .group         0x00000000        0xc main.o
 .group         0x00000000        0xc main.o
 .group         0x00000000        0xc main.o
 .group         0x00000000        0xc main.o
 .group         0x00000000        0xc main.o
 .group         0x00000000        0xc main.o
 .group         0x00000000        0xc main.o
 .group         0x00000000        0xc main.o
 .group         0x00000000        0xc main.o
 .group         0x00000000        0xc main.o
 .group         0x00000000        0xc main.o
 .group         0x00000000        0xc main.o
 .group         0x00000000        0xc main.o
 .group         0x00000000        0xc main.o
 .group         0x00000000        0xc main.o
 .group         0x00000000        0xc main.o
 .group         0x00000000        0xc main.o
 .group         0x00000000        0xc main.o
 .group         0x00000000        0xc main.o
 .group         0x00000000        0xc main.o
 .text          0x00000000        0x0 main.o
 .data          0x00000000        0x0 main.o
 .bss           0x00000000        0x0 main.o
 .eh_frame      0x00000000       0x30 main.o
 .group         0x00000000        0xc ../build/sipeed_tang_nano_9k//software/libc/libc.a(minimal__work_build_sipeed_tang_nano_9k_software_include_.._picolibc_src_libc_stdio_fgetc.o)
 .group         0x00000000        0xc ../build/sipeed_tang_nano_9k//software/libc/libc.a(minimal__work_build_sipeed_tang_nano_9k_software_include_.._picolibc_src_libc_stdio_fgetc.o)
 .group         0x00000000        0xc ../build/sipeed_tang_nano_9k//software/libc/libc.a(minimal__work_build_sipeed_tang_nano_9k_software_include_.._picolibc_src_libc_stdio_fgetc.o)
 .group         0x00000000        0xc ../build/sipeed_tang_nano_9k//software/libc/libc.a(minimal__work_build_sipeed_tang_nano_9k_software_include_.._picolibc_src_libc_stdio_fgetc.o)
 .group         0x00000000        0xc ../build/sipeed_tang_nano_9k//software/libc/libc.a(minimal__work_build_sipeed_tang_nano_9k_software_include_.._picolibc_src_libc_stdio_fgetc.o)
 .group         0x00000000        0xc ../build/sipeed_tang_nano_9k//software/libc/libc.a(minimal__work_build_sipeed_tang_nano_9k_software_include_.._picolibc_src_libc_stdio_fgetc.o)
 .group         0x00000000        0xc ../build/sipeed_tang_nano_9k//software/libc/libc.a(minimal__work_build_sipeed_tang_nano_9k_software_include_.._picolibc_src_libc_stdio_fgetc.o)
 .group         0x00000000        0xc ../build/sipeed_tang_nano_9k//software/libc/libc.a(minimal__work_build_sipeed_tang_nano_9k_software_include_.._picolibc_src_libc_stdio_fgetc.o)
 .group         0x00000000        0xc ../build/sipeed_tang_nano_9k//software/libc/libc.a(minimal__work_build_sipeed_tang_nano_9k_software_include_.._picolibc_src_libc_stdio_fgetc.o)
 .group         0x00000000        0xc ../build/sipeed_tang_nano_9k//software/libc/libc.a(minimal__work_build_sipeed_tang_nano_9k_software_include_.._picolibc_src_libc_stdio_fgetc.o)
 .group         0x00000000        0xc ../build/sipeed_tang_nano_9k//software/libc/libc.a(minimal__work_build_sipeed_tang_nano_9k_software_include_.._picolibc_src_libc_stdio_fgetc.o)
 .group         0x00000000        0xc ../build/sipeed_tang_nano_9k//software/libc/libc.a(minimal__work_build_sipeed_tang_nano_9k_software_include_.._picolibc_src_libc_stdio_fgetc.o)
 .group         0x00000000        0xc ../build/sipeed_tang_nano_9k//software/libc/libc.a(minimal__work_build_sipeed_tang_nano_9k_software_include_.._picolibc_src_libc_stdio_fgetc.o)
 .group         0x00000000        0xc ../build/sipeed_tang_nano_9k//software/libc/libc.a(minimal__work_build_sipeed_tang_nano_9k_software_include_.._picolibc_src_libc_stdio_fgetc.o)
 .group         0x00000000        0xc ../build/sipeed_tang_nano_9k//software/libc/libc.a(minimal__work_build_sipeed_tang_nano_9k_software_include_.._picolibc_src_libc_stdio_fgetc.o)
 .group         0x00000000        0xc ../build/sipeed_tang_nano_9k//software/libc/libc.a(minimal__work_build_sipeed_tang_nano_9k_software_include_.._picolibc_src_libc_stdio_fgetc.o)
 .group         0x00000000        0xc ../build/sipeed_tang_nano_9k//software/libc/libc.a(minimal__work_build_sipeed_tang_nano_9k_software_include_.._picolibc_src_libc_stdio_fgetc.o)
 .group         0x00000000        0xc ../build/sipeed_tang_nano_9k//software/libc/libc.a(minimal__work_build_sipeed_tang_nano_9k_software_include_.._picolibc_src_libc_stdio_fgetc.o)
 .group         0x00000000        0xc ../build/sipeed_tang_nano_9k//software/libc/libc.a(minimal__work_build_sipeed_tang_nano_9k_software_include_.._picolibc_src_libc_stdio_fgetc.o)
 .group         0x00000000        0xc ../build/sipeed_tang_nano_9k//software/libc/libc.a(minimal__work_build_sipeed_tang_nano_9k_software_include_.._picolibc_src_libc_stdio_fgetc.o)
 .group         0x00000000        0xc ../build/sipeed_tang_nano_9k//software/libc/libc.a(minimal__work_build_sipeed_tang_nano_9k_software_include_.._picolibc_src_libc_stdio_fgetc.o)
 .group         0x00000000        0xc ../build/sipeed_tang_nano_9k//software/libc/libc.a(minimal__work_build_sipeed_tang_nano_9k_software_include_.._picolibc_src_libc_stdio_fgetc.o)
 .group         0x00000000        0xc ../build/sipeed_tang_nano_9k//software/libc/libc.a(minimal__work_build_sipeed_tang_nano_9k_software_include_.._picolibc_src_libc_stdio_fgetc.o)
 .group         0x00000000        0xc ../build/sipeed_tang_nano_9k//software/libc/libc.a(minimal__work_build_sipeed_tang_nano_9k_software_include_.._picolibc_src_libc_stdio_fgetc.o)
 .group         0x00000000        0xc ../build/sipeed_tang_nano_9k//software/libc/libc.a(minimal__work_build_sipeed_tang_nano_9k_software_include_.._picolibc_src_libc_stdio_fgetc.o)
 .group         0x00000000        0xc ../build/sipeed_tang_nano_9k//software/libc/libc.a(minimal__work_build_sipeed_tang_nano_9k_software_include_.._picolibc_src_libc_stdio_fgetc.o)
 .group         0x00000000        0xc ../build/sipeed_tang_nano_9k//software/libc/libc.a(minimal__work_build_sipeed_tang_nano_9k_software_include_.._picolibc_src_libc_stdio_fgetc.o)
 .group         0x00000000        0xc ../build/sipeed_tang_nano_9k//software/libc/libc.a(minimal__work_build_sipeed_tang_nano_9k_software_include_.._picolibc_src_libc_stdio_fgetc.o)
 .group         0x00000000        0xc ../build/sipeed_tang_nano_9k//software/libc/libc.a(minimal__work_build_sipeed_tang_nano_9k_software_include_.._picolibc_src_libc_stdio_fgetc.o)
 .group         0x00000000        0xc ../build/sipeed_tang_nano_9k//software/libc/libc.a(minimal__work_build_sipeed_tang_nano_9k_software_include_.._picolibc_src_libc_stdio_fgetc.o)
 .group         0x00000000        0xc ../build/sipeed_tang_nano_9k//software/libc/libc.a(minimal__work_build_sipeed_tang_nano_9k_software_include_.._picolibc_src_libc_stdio_fgetc.o)
 .group         0x00000000        0xc ../build/sipeed_tang_nano_9k//software/libc/libc.a(minimal__work_build_sipeed_tang_nano_9k_software_include_.._picolibc_src_libc_stdio_fgetc.o)
 .group         0x00000000        0xc ../build/sipeed_tang_nano_9k//software/libc/libc.a(minimal__work_build_sipeed_tang_nano_9k_software_include_.._picolibc_src_libc_stdio_fgetc.o)
 .group         0x00000000        0xc ../build/sipeed_tang_nano_9k//software/libc/libc.a(minimal__work_build_sipeed_tang_nano_9k_software_include_.._picolibc_src_libc_stdio_fgetc.o)
 .group         0x00000000        0xc ../build/sipeed_tang_nano_9k//software/libc/libc.a(minimal__work_build_sipeed_tang_nano_9k_software_include_.._picolibc_src_libc_stdio_fgetc.o)
 .group         0x00000000        0xc ../build/sipeed_tang_nano_9k//software/libc/libc.a(minimal__work_build_sipeed_tang_nano_9k_software_include_.._picolibc_src_libc_stdio_fgetc.o)
 .group         0x00000000        0xc ../build/sipeed_tang_nano_9k//software/libc/libc.a(minimal__work_build_sipeed_tang_nano_9k_software_include_.._picolibc_src_libc_stdio_fgetc.o)
 .group         0x00000000        0xc ../build/sipeed_tang_nano_9k//software/libc/libc.a(minimal__work_build_sipeed_tang_nano_9k_software_include_.._picolibc_src_libc_stdio_fgetc.o)
 .group         0x00000000        0xc ../build/sipeed_tang_nano_9k//software/libc/libc.a(minimal__work_build_sipeed_tang_nano_9k_software_include_.._picolibc_src_libc_stdio_fgetc.o)
 .group         0x00000000        0xc ../build/sipeed_tang_nano_9k//software/libc/libc.a(minimal__work_build_sipeed_tang_nano_9k_software_include_.._picolibc_src_libc_stdio_fgetc.o)
 .group         0x00000000        0xc ../build/sipeed_tang_nano_9k//software/libc/libc.a(minimal__work_build_sipeed_tang_nano_9k_software_include_.._picolibc_src_libc_stdio_fgetc.o)
 .group         0x00000000        0xc ../build/sipeed_tang_nano_9k//software/libc/libc.a(minimal__work_build_sipeed_tang_nano_9k_software_include_.._picolibc_src_libc_stdio_fgetc.o)
 .group         0x00000000        0xc ../build/sipeed_tang_nano_9k//software/libc/libc.a(minimal__work_build_sipeed_tang_nano_9k_software_include_.._picolibc_src_libc_stdio_fgetc.o)
 .group         0x00000000        0xc ../build/sipeed_tang_nano_9k//software/libc/libc.a(minimal__work_build_sipeed_tang_nano_9k_software_include_.._picolibc_src_libc_stdio_fgetc.o)
 .group         0x00000000        0xc ../build/sipeed_tang_nano_9k//software/libc/libc.a(minimal__work_build_sipeed_tang_nano_9k_software_include_.._picolibc_src_libc_stdio_fgetc.o)
 .group         0x00000000        0xc ../build/sipeed_tang_nano_9k//software/libc/libc.a(minimal__work_build_sipeed_tang_nano_9k_software_include_.._picolibc_src_libc_stdio_fgetc.o)
 .group         0x00000000        0xc ../build/sipeed_tang_nano_9k//software/libc/libc.a(minimal__work_build_sipeed_tang_nano_9k_software_include_.._picolibc_src_libc_stdio_fgetc.o)
 .group         0x00000000        0xc ../build/sipeed_tang_nano_9k//software/libc/libc.a(minimal__work_build_sipeed_tang_nano_9k_software_include_.._picolibc_src_libc_stdio_fgetc.o)
 .text          0x00000000        0x0 ../build/sipeed_tang_nano_9k//software/libc/libc.a(minimal__work_build_sipeed_tang_nano_9k_software_include_.._picolibc_src_libc_stdio_fgetc.o)
 .data          0x00000000        0x0 ../build/sipeed_tang_nano_9k//software/libc/libc.a(minimal__work_build_sipeed_tang_nano_9k_software_include_.._picolibc_src_libc_stdio_fgetc.o)
 .bss           0x00000000        0x0 ../build/sipeed_tang_nano_9k//software/libc/libc.a(minimal__work_build_sipeed_tang_nano_9k_software_include_.._picolibc_src_libc_stdio_fgetc.o)
 .debug_macro   0x00000000      0x220 ../build/sipeed_tang_nano_9k//software/libc/libc.a(minimal__work_build_sipeed_tang_nano_9k_software_include_.._picolibc_src_libc_stdio_fgetc.o)
 .debug_macro   0x00000000       0x34 ../build/sipeed_tang_nano_9k//software/libc/libc.a(minimal__work_build_sipeed_tang_nano_9k_software_include_.._picolibc_src_libc_stdio_fgetc.o)
 .debug_macro   0x00000000       0x58 ../build/sipeed_tang_nano_9k//software/libc/libc.a(minimal__work_build_sipeed_tang_nano_9k_software_include_.._picolibc_src_libc_stdio_fgetc.o)
 .debug_macro   0x00000000       0x5b ../build/sipeed_tang_nano_9k//software/libc/libc.a(minimal__work_build_sipeed_tang_nano_9k_software_include_.._picolibc_src_libc_stdio_fgetc.o)
 .debug_macro   0x00000000      0x253 ../build/sipeed_tang_nano_9k//software/libc/libc.a(minimal__work_build_sipeed_tang_nano_9k_software_include_.._picolibc_src_libc_stdio_fgetc.o)
 .debug_macro   0x00000000       0x16 ../build/sipeed_tang_nano_9k//software/libc/libc.a(minimal__work_build_sipeed_tang_nano_9k_software_include_.._picolibc_src_libc_stdio_fgetc.o)
 .debug_macro   0x00000000       0x35 ../build/sipeed_tang_nano_9k//software/libc/libc.a(minimal__work_build_sipeed_tang_nano_9k_software_include_.._picolibc_src_libc_stdio_fgetc.o)
 .debug_macro   0x00000000       0x58 ../build/sipeed_tang_nano_9k//software/libc/libc.a(minimal__work_build_sipeed_tang_nano_9k_software_include_.._picolibc_src_libc_stdio_fgetc.o)
 .debug_macro   0x00000000      0x103 ../build/sipeed_tang_nano_9k//software/libc/libc.a(minimal__work_build_sipeed_tang_nano_9k_software_include_.._picolibc_src_libc_stdio_fgetc.o)
 .eh_frame      0x00000000       0x38 ../build/sipeed_tang_nano_9k//software/libc/libc.a(minimal__work_build_sipeed_tang_nano_9k_software_include_.._picolibc_src_libc_stdio_fgetc.o)
 .group         0x00000000        0xc ../build/sipeed_tang_nano_9k//software/libc/libc.a(minimal__work_build_sipeed_tang_nano_9k_software_include_.._picolibc_src_libc_stdio_fputc.o)
 .group         0x00000000        0xc ../build/sipeed_tang_nano_9k//software/libc/libc.a(minimal__work_build_sipeed_tang_nano_9k_software_include_.._picolibc_src_libc_stdio_fputc.o)
 .group         0x00000000        0xc ../build/sipeed_tang_nano_9k//software/libc/libc.a(minimal__work_build_sipeed_tang_nano_9k_software_include_.._picolibc_src_libc_stdio_fputc.o)
 .group         0x00000000        0xc ../build/sipeed_tang_nano_9k//software/libc/libc.a(minimal__work_build_sipeed_tang_nano_9k_software_include_.._picolibc_src_libc_stdio_fputc.o)
 .group         0x00000000        0xc ../build/sipeed_tang_nano_9k//software/libc/libc.a(minimal__work_build_sipeed_tang_nano_9k_software_include_.._picolibc_src_libc_stdio_fputc.o)
 .group         0x00000000        0xc ../build/sipeed_tang_nano_9k//software/libc/libc.a(minimal__work_build_sipeed_tang_nano_9k_software_include_.._picolibc_src_libc_stdio_fputc.o)
 .group         0x00000000        0xc ../build/sipeed_tang_nano_9k//software/libc/libc.a(minimal__work_build_sipeed_tang_nano_9k_software_include_.._picolibc_src_libc_stdio_fputc.o)
 .group         0x00000000        0xc ../build/sipeed_tang_nano_9k//software/libc/libc.a(minimal__work_build_sipeed_tang_nano_9k_software_include_.._picolibc_src_libc_stdio_fputc.o)
 .group         0x00000000        0xc ../build/sipeed_tang_nano_9k//software/libc/libc.a(minimal__work_build_sipeed_tang_nano_9k_software_include_.._picolibc_src_libc_stdio_fputc.o)
 .group         0x00000000        0xc ../build/sipeed_tang_nano_9k//software/libc/libc.a(minimal__work_build_sipeed_tang_nano_9k_software_include_.._picolibc_src_libc_stdio_fputc.o)
 .group         0x00000000        0xc ../build/sipeed_tang_nano_9k//software/libc/libc.a(minimal__work_build_sipeed_tang_nano_9k_software_include_.._picolibc_src_libc_stdio_fputc.o)
 .group         0x00000000        0xc ../build/sipeed_tang_nano_9k//software/libc/libc.a(minimal__work_build_sipeed_tang_nano_9k_software_include_.._picolibc_src_libc_stdio_fputc.o)
 .group         0x00000000        0xc ../build/sipeed_tang_nano_9k//software/libc/libc.a(minimal__work_build_sipeed_tang_nano_9k_software_include_.._picolibc_src_libc_stdio_fputc.o)
 .group         0x00000000        0xc ../build/sipeed_tang_nano_9k//software/libc/libc.a(minimal__work_build_sipeed_tang_nano_9k_software_include_.._picolibc_src_libc_stdio_fputc.o)
 .group         0x00000000        0xc ../build/sipeed_tang_nano_9k//software/libc/libc.a(minimal__work_build_sipeed_tang_nano_9k_software_include_.._picolibc_src_libc_stdio_fputc.o)
 .group         0x00000000        0xc ../build/sipeed_tang_nano_9k//software/libc/libc.a(minimal__work_build_sipeed_tang_nano_9k_software_include_.._picolibc_src_libc_stdio_fputc.o)
 .group         0x00000000        0xc ../build/sipeed_tang_nano_9k//software/libc/libc.a(minimal__work_build_sipeed_tang_nano_9k_software_include_.._picolibc_src_libc_stdio_fputc.o)
 .group         0x00000000        0xc ../build/sipeed_tang_nano_9k//software/libc/libc.a(minimal__work_build_sipeed_tang_nano_9k_software_include_.._picolibc_src_libc_stdio_fputc.o)
 .group         0x00000000        0xc ../build/sipeed_tang_nano_9k//software/libc/libc.a(minimal__work_build_sipeed_tang_nano_9k_software_include_.._picolibc_src_libc_stdio_fputc.o)
 .group         0x00000000        0xc ../build/sipeed_tang_nano_9k//software/libc/libc.a(minimal__work_build_sipeed_tang_nano_9k_software_include_.._picolibc_src_libc_stdio_fputc.o)
 .group         0x00000000        0xc ../build/sipeed_tang_nano_9k//software/libc/libc.a(minimal__work_build_sipeed_tang_nano_9k_software_include_.._picolibc_src_libc_stdio_fputc.o)
 .group         0x00000000        0xc ../build/sipeed_tang_nano_9k//software/libc/libc.a(minimal__work_build_sipeed_tang_nano_9k_software_include_.._picolibc_src_libc_stdio_fputc.o)
 .group         0x00000000        0xc ../build/sipeed_tang_nano_9k//software/libc/libc.a(minimal__work_build_sipeed_tang_nano_9k_software_include_.._picolibc_src_libc_stdio_fputc.o)
 .group         0x00000000        0xc ../build/sipeed_tang_nano_9k//software/libc/libc.a(minimal__work_build_sipeed_tang_nano_9k_software_include_.._picolibc_src_libc_stdio_fputc.o)
 .group         0x00000000        0xc ../build/sipeed_tang_nano_9k//software/libc/libc.a(minimal__work_build_sipeed_tang_nano_9k_software_include_.._picolibc_src_libc_stdio_fputc.o)
 .group         0x00000000        0xc ../build/sipeed_tang_nano_9k//software/libc/libc.a(minimal__work_build_sipeed_tang_nano_9k_software_include_.._picolibc_src_libc_stdio_fputc.o)
 .group         0x00000000        0xc ../build/sipeed_tang_nano_9k//software/libc/libc.a(minimal__work_build_sipeed_tang_nano_9k_software_include_.._picolibc_src_libc_stdio_fputc.o)
 .group         0x00000000        0xc ../build/sipeed_tang_nano_9k//software/libc/libc.a(minimal__work_build_sipeed_tang_nano_9k_software_include_.._picolibc_src_libc_stdio_fputc.o)
 .group         0x00000000        0xc ../build/sipeed_tang_nano_9k//software/libc/libc.a(minimal__work_build_sipeed_tang_nano_9k_software_include_.._picolibc_src_libc_stdio_fputc.o)
 .group         0x00000000        0xc ../build/sipeed_tang_nano_9k//software/libc/libc.a(minimal__work_build_sipeed_tang_nano_9k_software_include_.._picolibc_src_libc_stdio_fputc.o)
 .group         0x00000000        0xc ../build/sipeed_tang_nano_9k//software/libc/libc.a(minimal__work_build_sipeed_tang_nano_9k_software_include_.._picolibc_src_libc_stdio_fputc.o)
 .group         0x00000000        0xc ../build/sipeed_tang_nano_9k//software/libc/libc.a(minimal__work_build_sipeed_tang_nano_9k_software_include_.._picolibc_src_libc_stdio_fputc.o)
 .group         0x00000000        0xc ../build/sipeed_tang_nano_9k//software/libc/libc.a(minimal__work_build_sipeed_tang_nano_9k_software_include_.._picolibc_src_libc_stdio_fputc.o)
 .group         0x00000000        0xc ../build/sipeed_tang_nano_9k//software/libc/libc.a(minimal__work_build_sipeed_tang_nano_9k_software_include_.._picolibc_src_libc_stdio_fputc.o)
 .group         0x00000000        0xc ../build/sipeed_tang_nano_9k//software/libc/libc.a(minimal__work_build_sipeed_tang_nano_9k_software_include_.._picolibc_src_libc_stdio_fputc.o)
 .group         0x00000000        0xc ../build/sipeed_tang_nano_9k//software/libc/libc.a(minimal__work_build_sipeed_tang_nano_9k_software_include_.._picolibc_src_libc_stdio_fputc.o)
 .group         0x00000000        0xc ../build/sipeed_tang_nano_9k//software/libc/libc.a(minimal__work_build_sipeed_tang_nano_9k_software_include_.._picolibc_src_libc_stdio_fputc.o)
 .group         0x00000000        0xc ../build/sipeed_tang_nano_9k//software/libc/libc.a(minimal__work_build_sipeed_tang_nano_9k_software_include_.._picolibc_src_libc_stdio_fputc.o)
 .group         0x00000000        0xc ../build/sipeed_tang_nano_9k//software/libc/libc.a(minimal__work_build_sipeed_tang_nano_9k_software_include_.._picolibc_src_libc_stdio_fputc.o)
 .group         0x00000000        0xc ../build/sipeed_tang_nano_9k//software/libc/libc.a(minimal__work_build_sipeed_tang_nano_9k_software_include_.._picolibc_src_libc_stdio_fputc.o)
 .group         0x00000000        0xc ../build/sipeed_tang_nano_9k//software/libc/libc.a(minimal__work_build_sipeed_tang_nano_9k_software_include_.._picolibc_src_libc_stdio_fputc.o)
 .group         0x00000000        0xc ../build/sipeed_tang_nano_9k//software/libc/libc.a(minimal__work_build_sipeed_tang_nano_9k_software_include_.._picolibc_src_libc_stdio_fputc.o)
 .group         0x00000000        0xc ../build/sipeed_tang_nano_9k//software/libc/libc.a(minimal__work_build_sipeed_tang_nano_9k_software_include_.._picolibc_src_libc_stdio_fputc.o)
 .group         0x00000000        0xc ../build/sipeed_tang_nano_9k//software/libc/libc.a(minimal__work_build_sipeed_tang_nano_9k_software_include_.._picolibc_src_libc_stdio_fputc.o)
 .group         0x00000000        0xc ../build/sipeed_tang_nano_9k//software/libc/libc.a(minimal__work_build_sipeed_tang_nano_9k_software_include_.._picolibc_src_libc_stdio_fputc.o)
 .group         0x00000000        0xc ../build/sipeed_tang_nano_9k//software/libc/libc.a(minimal__work_build_sipeed_tang_nano_9k_software_include_.._picolibc_src_libc_stdio_fputc.o)
 .group         0x00000000        0xc ../build/sipeed_tang_nano_9k//software/libc/libc.a(minimal__work_build_sipeed_tang_nano_9k_software_include_.._picolibc_src_libc_stdio_fputc.o)
 .group         0x00000000        0xc ../build/sipeed_tang_nano_9k//software/libc/libc.a(minimal__work_build_sipeed_tang_nano_9k_software_include_.._picolibc_src_libc_stdio_fputc.o)
 .text          0x00000000        0x0 ../build/sipeed_tang_nano_9k//software/libc/libc.a(minimal__work_build_sipeed_tang_nano_9k_software_include_.._picolibc_src_libc_stdio_fputc.o)
 .data          0x00000000        0x0 ../build/sipeed_tang_nano_9k//software/libc/libc.a(minimal__work_build_sipeed_tang_nano_9k_software_include_.._picolibc_src_libc_stdio_fputc.o)
 .bss           0x00000000        0x0 ../build/sipeed_tang_nano_9k//software/libc/libc.a(minimal__work_build_sipeed_tang_nano_9k_software_include_.._picolibc_src_libc_stdio_fputc.o)
 .debug_macro   0x00000000      0x7de ../build/sipeed_tang_nano_9k//software/libc/libc.a(minimal__work_build_sipeed_tang_nano_9k_software_include_.._picolibc_src_libc_stdio_fputc.o)
 .debug_macro   0x00000000      0x220 ../build/sipeed_tang_nano_9k//software/libc/libc.a(minimal__work_build_sipeed_tang_nano_9k_software_include_.._picolibc_src_libc_stdio_fputc.o)
 .debug_macro   0x00000000       0x10 ../build/sipeed_tang_nano_9k//software/libc/libc.a(minimal__work_build_sipeed_tang_nano_9k_software_include_.._picolibc_src_libc_stdio_fputc.o)
 .debug_macro   0x00000000      0x11e ../build/sipeed_tang_nano_9k//software/libc/libc.a(minimal__work_build_sipeed_tang_nano_9k_software_include_.._picolibc_src_libc_stdio_fputc.o)
 .debug_macro   0x00000000       0x34 ../build/sipeed_tang_nano_9k//software/libc/libc.a(minimal__work_build_sipeed_tang_nano_9k_software_include_.._picolibc_src_libc_stdio_fputc.o)
 .debug_macro   0x00000000       0x58 ../build/sipeed_tang_nano_9k//software/libc/libc.a(minimal__work_build_sipeed_tang_nano_9k_software_include_.._picolibc_src_libc_stdio_fputc.o)
 .debug_macro   0x00000000       0x5b ../build/sipeed_tang_nano_9k//software/libc/libc.a(minimal__work_build_sipeed_tang_nano_9k_software_include_.._picolibc_src_libc_stdio_fputc.o)
 .debug_macro   0x00000000      0x253 ../build/sipeed_tang_nano_9k//software/libc/libc.a(minimal__work_build_sipeed_tang_nano_9k_software_include_.._picolibc_src_libc_stdio_fputc.o)
 .debug_macro   0x00000000       0x16 ../build/sipeed_tang_nano_9k//software/libc/libc.a(minimal__work_build_sipeed_tang_nano_9k_software_include_.._picolibc_src_libc_stdio_fputc.o)
 .debug_macro   0x00000000      0x11c ../build/sipeed_tang_nano_9k//software/libc/libc.a(minimal__work_build_sipeed_tang_nano_9k_software_include_.._picolibc_src_libc_stdio_fputc.o)
 .debug_macro   0x00000000       0x16 ../build/sipeed_tang_nano_9k//software/libc/libc.a(minimal__work_build_sipeed_tang_nano_9k_software_include_.._picolibc_src_libc_stdio_fputc.o)
 .debug_macro   0x00000000       0x3a ../build/sipeed_tang_nano_9k//software/libc/libc.a(minimal__work_build_sipeed_tang_nano_9k_software_include_.._picolibc_src_libc_stdio_fputc.o)
 .debug_macro   0x00000000       0x29 ../build/sipeed_tang_nano_9k//software/libc/libc.a(minimal__work_build_sipeed_tang_nano_9k_software_include_.._picolibc_src_libc_stdio_fputc.o)
 .debug_macro   0x00000000       0x58 ../build/sipeed_tang_nano_9k//software/libc/libc.a(minimal__work_build_sipeed_tang_nano_9k_software_include_.._picolibc_src_libc_stdio_fputc.o)
 .debug_macro   0x00000000       0x94 ../build/sipeed_tang_nano_9k//software/libc/libc.a(minimal__work_build_sipeed_tang_nano_9k_software_include_.._picolibc_src_libc_stdio_fputc.o)
 .debug_macro   0x00000000       0x22 ../build/sipeed_tang_nano_9k//software/libc/libc.a(minimal__work_build_sipeed_tang_nano_9k_software_include_.._picolibc_src_libc_stdio_fputc.o)
 .debug_macro   0x00000000       0x16 ../build/sipeed_tang_nano_9k//software/libc/libc.a(minimal__work_build_sipeed_tang_nano_9k_software_include_.._picolibc_src_libc_stdio_fputc.o)
 .debug_macro   0x00000000       0x3c ../build/sipeed_tang_nano_9k//software/libc/libc.a(minimal__work_build_sipeed_tang_nano_9k_software_include_.._picolibc_src_libc_stdio_fputc.o)
 .debug_macro   0x00000000       0x16 ../build/sipeed_tang_nano_9k//software/libc/libc.a(minimal__work_build_sipeed_tang_nano_9k_software_include_.._picolibc_src_libc_stdio_fputc.o)
 .debug_macro   0x00000000       0x4a ../build/sipeed_tang_nano_9k//software/libc/libc.a(minimal__work_build_sipeed_tang_nano_9k_software_include_.._picolibc_src_libc_stdio_fputc.o)
 .debug_macro   0x00000000       0x35 ../build/sipeed_tang_nano_9k//software/libc/libc.a(minimal__work_build_sipeed_tang_nano_9k_software_include_.._picolibc_src_libc_stdio_fputc.o)
 .debug_macro   0x00000000       0x17 ../build/sipeed_tang_nano_9k//software/libc/libc.a(minimal__work_build_sipeed_tang_nano_9k_software_include_.._picolibc_src_libc_stdio_fputc.o)
 .debug_macro   0x00000000       0x34 ../build/sipeed_tang_nano_9k//software/libc/libc.a(minimal__work_build_sipeed_tang_nano_9k_software_include_.._picolibc_src_libc_stdio_fputc.o)
 .debug_macro   0x00000000      0x35e ../build/sipeed_tang_nano_9k//software/libc/libc.a(minimal__work_build_sipeed_tang_nano_9k_software_include_.._picolibc_src_libc_stdio_fputc.o)
 .debug_macro   0x00000000      0x25c ../build/sipeed_tang_nano_9k//software/libc/libc.a(minimal__work_build_sipeed_tang_nano_9k_software_include_.._picolibc_src_libc_stdio_fputc.o)
 .debug_macro   0x00000000       0x1c ../build/sipeed_tang_nano_9k//software/libc/libc.a(minimal__work_build_sipeed_tang_nano_9k_software_include_.._picolibc_src_libc_stdio_fputc.o)
 .debug_macro   0x00000000      0x554 ../build/sipeed_tang_nano_9k//software/libc/libc.a(minimal__work_build_sipeed_tang_nano_9k_software_include_.._picolibc_src_libc_stdio_fputc.o)
 .debug_macro   0x00000000       0x22 ../build/sipeed_tang_nano_9k//software/libc/libc.a(minimal__work_build_sipeed_tang_nano_9k_software_include_.._picolibc_src_libc_stdio_fputc.o)
 .debug_macro   0x00000000       0x43 ../build/sipeed_tang_nano_9k//software/libc/libc.a(minimal__work_build_sipeed_tang_nano_9k_software_include_.._picolibc_src_libc_stdio_fputc.o)
 .debug_macro   0x00000000       0x34 ../build/sipeed_tang_nano_9k//software/libc/libc.a(minimal__work_build_sipeed_tang_nano_9k_software_include_.._picolibc_src_libc_stdio_fputc.o)
 .debug_macro   0x00000000      0x183 ../build/sipeed_tang_nano_9k//software/libc/libc.a(minimal__work_build_sipeed_tang_nano_9k_software_include_.._picolibc_src_libc_stdio_fputc.o)
 .debug_macro   0x00000000      0x241 ../build/sipeed_tang_nano_9k//software/libc/libc.a(minimal__work_build_sipeed_tang_nano_9k_software_include_.._picolibc_src_libc_stdio_fputc.o)
 .debug_macro   0x00000000      0x196 ../build/sipeed_tang_nano_9k//software/libc/libc.a(minimal__work_build_sipeed_tang_nano_9k_software_include_.._picolibc_src_libc_stdio_fputc.o)
 .debug_macro   0x00000000       0x16 ../build/sipeed_tang_nano_9k//software/libc/libc.a(minimal__work_build_sipeed_tang_nano_9k_software_include_.._picolibc_src_libc_stdio_fputc.o)
 .debug_macro   0x00000000      0x106 ../build/sipeed_tang_nano_9k//software/libc/libc.a(minimal__work_build_sipeed_tang_nano_9k_software_include_.._picolibc_src_libc_stdio_fputc.o)
 .debug_macro   0x00000000       0x16 ../build/sipeed_tang_nano_9k//software/libc/libc.a(minimal__work_build_sipeed_tang_nano_9k_software_include_.._picolibc_src_libc_stdio_fputc.o)
 .debug_macro   0x00000000       0x58 ../build/sipeed_tang_nano_9k//software/libc/libc.a(minimal__work_build_sipeed_tang_nano_9k_software_include_.._picolibc_src_libc_stdio_fputc.o)
 .debug_macro   0x00000000      0x1b1 ../build/sipeed_tang_nano_9k//software/libc/libc.a(minimal__work_build_sipeed_tang_nano_9k_software_include_.._picolibc_src_libc_stdio_fputc.o)
 .debug_macro   0x00000000       0x10 ../build/sipeed_tang_nano_9k//software/libc/libc.a(minimal__work_build_sipeed_tang_nano_9k_software_include_.._picolibc_src_libc_stdio_fputc.o)
 .debug_macro   0x00000000       0x64 ../build/sipeed_tang_nano_9k//software/libc/libc.a(minimal__work_build_sipeed_tang_nano_9k_software_include_.._picolibc_src_libc_stdio_fputc.o)
 .debug_macro   0x00000000       0x1c ../build/sipeed_tang_nano_9k//software/libc/libc.a(minimal__work_build_sipeed_tang_nano_9k_software_include_.._picolibc_src_libc_stdio_fputc.o)
 .debug_macro   0x00000000       0x82 ../build/sipeed_tang_nano_9k//software/libc/libc.a(minimal__work_build_sipeed_tang_nano_9k_software_include_.._picolibc_src_libc_stdio_fputc.o)
 .debug_macro   0x00000000       0xa2 ../build/sipeed_tang_nano_9k//software/libc/libc.a(minimal__work_build_sipeed_tang_nano_9k_software_include_.._picolibc_src_libc_stdio_fputc.o)
 .debug_macro   0x00000000      0x103 ../build/sipeed_tang_nano_9k//software/libc/libc.a(minimal__work_build_sipeed_tang_nano_9k_software_include_.._picolibc_src_libc_stdio_fputc.o)
 .debug_macro   0x00000000      0x2b0 ../build/sipeed_tang_nano_9k//software/libc/libc.a(minimal__work_build_sipeed_tang_nano_9k_software_include_.._picolibc_src_libc_stdio_fputc.o)
 .debug_macro   0x00000000       0x12 ../build/sipeed_tang_nano_9k//software/libc/libc.a(minimal__work_build_sipeed_tang_nano_9k_software_include_.._picolibc_src_libc_stdio_fputc.o)
 .debug_macro   0x00000000       0x2e ../build/sipeed_tang_nano_9k//software/libc/libc.a(minimal__work_build_sipeed_tang_nano_9k_software_include_.._picolibc_src_libc_stdio_fputc.o)
 .debug_macro   0x00000000       0xad ../build/sipeed_tang_nano_9k//software/libc/libc.a(minimal__work_build_sipeed_tang_nano_9k_software_include_.._picolibc_src_libc_stdio_fputc.o)
 .eh_frame      0x00000000       0x38 ../build/sipeed_tang_nano_9k//software/libc/libc.a(minimal__work_build_sipeed_tang_nano_9k_software_include_.._picolibc_src_libc_stdio_fputc.o)
 .group         0x00000000        0xc ../build/sipeed_tang_nano_9k//software/libc/libc.a(minimal__work_build_sipeed_tang_nano_9k_software_include_.._picolibc_src_libc_stdio_puts.o)
 .group         0x00000000        0xc ../build/sipeed_tang_nano_9k//software/libc/libc.a(minimal__work_build_sipeed_tang_nano_9k_software_include_.._picolibc_src_libc_stdio_puts.o)
 .group         0x00000000        0xc ../build/sipeed_tang_nano_9k//software/libc/libc.a(minimal__work_build_sipeed_tang_nano_9k_software_include_.._picolibc_src_libc_stdio_puts.o)
 .group         0x00000000        0xc ../build/sipeed_tang_nano_9k//software/libc/libc.a(minimal__work_build_sipeed_tang_nano_9k_software_include_.._picolibc_src_libc_stdio_puts.o)
 .group         0x00000000        0xc ../build/sipeed_tang_nano_9k//software/libc/libc.a(minimal__work_build_sipeed_tang_nano_9k_software_include_.._picolibc_src_libc_stdio_puts.o)
 .group         0x00000000        0xc ../build/sipeed_tang_nano_9k//software/libc/libc.a(minimal__work_build_sipeed_tang_nano_9k_software_include_.._picolibc_src_libc_stdio_puts.o)
 .group         0x00000000        0xc ../build/sipeed_tang_nano_9k//software/libc/libc.a(minimal__work_build_sipeed_tang_nano_9k_software_include_.._picolibc_src_libc_stdio_puts.o)
 .group         0x00000000        0xc ../build/sipeed_tang_nano_9k//software/libc/libc.a(minimal__work_build_sipeed_tang_nano_9k_software_include_.._picolibc_src_libc_stdio_puts.o)
 .group         0x00000000        0xc ../build/sipeed_tang_nano_9k//software/libc/libc.a(minimal__work_build_sipeed_tang_nano_9k_software_include_.._picolibc_src_libc_stdio_puts.o)
 .group         0x00000000        0xc ../build/sipeed_tang_nano_9k//software/libc/libc.a(minimal__work_build_sipeed_tang_nano_9k_software_include_.._picolibc_src_libc_stdio_puts.o)
 .group         0x00000000        0xc ../build/sipeed_tang_nano_9k//software/libc/libc.a(minimal__work_build_sipeed_tang_nano_9k_software_include_.._picolibc_src_libc_stdio_puts.o)
 .group         0x00000000        0xc ../build/sipeed_tang_nano_9k//software/libc/libc.a(minimal__work_build_sipeed_tang_nano_9k_software_include_.._picolibc_src_libc_stdio_puts.o)
 .group         0x00000000        0xc ../build/sipeed_tang_nano_9k//software/libc/libc.a(minimal__work_build_sipeed_tang_nano_9k_software_include_.._picolibc_src_libc_stdio_puts.o)
 .group         0x00000000        0xc ../build/sipeed_tang_nano_9k//software/libc/libc.a(minimal__work_build_sipeed_tang_nano_9k_software_include_.._picolibc_src_libc_stdio_puts.o)
 .group         0x00000000        0xc ../build/sipeed_tang_nano_9k//software/libc/libc.a(minimal__work_build_sipeed_tang_nano_9k_software_include_.._picolibc_src_libc_stdio_puts.o)
 .group         0x00000000        0xc ../build/sipeed_tang_nano_9k//software/libc/libc.a(minimal__work_build_sipeed_tang_nano_9k_software_include_.._picolibc_src_libc_stdio_puts.o)
 .group         0x00000000        0xc ../build/sipeed_tang_nano_9k//software/libc/libc.a(minimal__work_build_sipeed_tang_nano_9k_software_include_.._picolibc_src_libc_stdio_puts.o)
 .group         0x00000000        0xc ../build/sipeed_tang_nano_9k//software/libc/libc.a(minimal__work_build_sipeed_tang_nano_9k_software_include_.._picolibc_src_libc_stdio_puts.o)
 .group         0x00000000        0xc ../build/sipeed_tang_nano_9k//software/libc/libc.a(minimal__work_build_sipeed_tang_nano_9k_software_include_.._picolibc_src_libc_stdio_puts.o)
 .group         0x00000000        0xc ../build/sipeed_tang_nano_9k//software/libc/libc.a(minimal__work_build_sipeed_tang_nano_9k_software_include_.._picolibc_src_libc_stdio_puts.o)
 .group         0x00000000        0xc ../build/sipeed_tang_nano_9k//software/libc/libc.a(minimal__work_build_sipeed_tang_nano_9k_software_include_.._picolibc_src_libc_stdio_puts.o)
 .group         0x00000000        0xc ../build/sipeed_tang_nano_9k//software/libc/libc.a(minimal__work_build_sipeed_tang_nano_9k_software_include_.._picolibc_src_libc_stdio_puts.o)
 .group         0x00000000        0xc ../build/sipeed_tang_nano_9k//software/libc/libc.a(minimal__work_build_sipeed_tang_nano_9k_software_include_.._picolibc_src_libc_stdio_puts.o)
 .group         0x00000000        0xc ../build/sipeed_tang_nano_9k//software/libc/libc.a(minimal__work_build_sipeed_tang_nano_9k_software_include_.._picolibc_src_libc_stdio_puts.o)
 .group         0x00000000        0xc ../build/sipeed_tang_nano_9k//software/libc/libc.a(minimal__work_build_sipeed_tang_nano_9k_software_include_.._picolibc_src_libc_stdio_puts.o)
 .group         0x00000000        0xc ../build/sipeed_tang_nano_9k//software/libc/libc.a(minimal__work_build_sipeed_tang_nano_9k_software_include_.._picolibc_src_libc_stdio_puts.o)
 .group         0x00000000        0xc ../build/sipeed_tang_nano_9k//software/libc/libc.a(minimal__work_build_sipeed_tang_nano_9k_software_include_.._picolibc_src_libc_stdio_puts.o)
 .group         0x00000000        0xc ../build/sipeed_tang_nano_9k//software/libc/libc.a(minimal__work_build_sipeed_tang_nano_9k_software_include_.._picolibc_src_libc_stdio_puts.o)
 .group         0x00000000        0xc ../build/sipeed_tang_nano_9k//software/libc/libc.a(minimal__work_build_sipeed_tang_nano_9k_software_include_.._picolibc_src_libc_stdio_puts.o)
 .group         0x00000000        0xc ../build/sipeed_tang_nano_9k//software/libc/libc.a(minimal__work_build_sipeed_tang_nano_9k_software_include_.._picolibc_src_libc_stdio_puts.o)
 .group         0x00000000        0xc ../build/sipeed_tang_nano_9k//software/libc/libc.a(minimal__work_build_sipeed_tang_nano_9k_software_include_.._picolibc_src_libc_stdio_puts.o)
 .group         0x00000000        0xc ../build/sipeed_tang_nano_9k//software/libc/libc.a(minimal__work_build_sipeed_tang_nano_9k_software_include_.._picolibc_src_libc_stdio_puts.o)
 .group         0x00000000        0xc ../build/sipeed_tang_nano_9k//software/libc/libc.a(minimal__work_build_sipeed_tang_nano_9k_software_include_.._picolibc_src_libc_stdio_puts.o)
 .group         0x00000000        0xc ../build/sipeed_tang_nano_9k//software/libc/libc.a(minimal__work_build_sipeed_tang_nano_9k_software_include_.._picolibc_src_libc_stdio_puts.o)
 .group         0x00000000        0xc ../build/sipeed_tang_nano_9k//software/libc/libc.a(minimal__work_build_sipeed_tang_nano_9k_software_include_.._picolibc_src_libc_stdio_puts.o)
 .group         0x00000000        0xc ../build/sipeed_tang_nano_9k//software/libc/libc.a(minimal__work_build_sipeed_tang_nano_9k_software_include_.._picolibc_src_libc_stdio_puts.o)
 .group         0x00000000        0xc ../build/sipeed_tang_nano_9k//software/libc/libc.a(minimal__work_build_sipeed_tang_nano_9k_software_include_.._picolibc_src_libc_stdio_puts.o)
 .group         0x00000000        0xc ../build/sipeed_tang_nano_9k//software/libc/libc.a(minimal__work_build_sipeed_tang_nano_9k_software_include_.._picolibc_src_libc_stdio_puts.o)
 .group         0x00000000        0xc ../build/sipeed_tang_nano_9k//software/libc/libc.a(minimal__work_build_sipeed_tang_nano_9k_software_include_.._picolibc_src_libc_stdio_puts.o)
 .group         0x00000000        0xc ../build/sipeed_tang_nano_9k//software/libc/libc.a(minimal__work_build_sipeed_tang_nano_9k_software_include_.._picolibc_src_libc_stdio_puts.o)
 .group         0x00000000        0xc ../build/sipeed_tang_nano_9k//software/libc/libc.a(minimal__work_build_sipeed_tang_nano_9k_software_include_.._picolibc_src_libc_stdio_puts.o)
 .group         0x00000000        0xc ../build/sipeed_tang_nano_9k//software/libc/libc.a(minimal__work_build_sipeed_tang_nano_9k_software_include_.._picolibc_src_libc_stdio_puts.o)
 .group         0x00000000        0xc ../build/sipeed_tang_nano_9k//software/libc/libc.a(minimal__work_build_sipeed_tang_nano_9k_software_include_.._picolibc_src_libc_stdio_puts.o)
 .group         0x00000000        0xc ../build/sipeed_tang_nano_9k//software/libc/libc.a(minimal__work_build_sipeed_tang_nano_9k_software_include_.._picolibc_src_libc_stdio_puts.o)
 .group         0x00000000        0xc ../build/sipeed_tang_nano_9k//software/libc/libc.a(minimal__work_build_sipeed_tang_nano_9k_software_include_.._picolibc_src_libc_stdio_puts.o)
 .group         0x00000000        0xc ../build/sipeed_tang_nano_9k//software/libc/libc.a(minimal__work_build_sipeed_tang_nano_9k_software_include_.._picolibc_src_libc_stdio_puts.o)
 .group         0x00000000        0xc ../build/sipeed_tang_nano_9k//software/libc/libc.a(minimal__work_build_sipeed_tang_nano_9k_software_include_.._picolibc_src_libc_stdio_puts.o)
 .group         0x00000000        0xc ../build/sipeed_tang_nano_9k//software/libc/libc.a(minimal__work_build_sipeed_tang_nano_9k_software_include_.._picolibc_src_libc_stdio_puts.o)
 .text          0x00000000        0x0 ../build/sipeed_tang_nano_9k//software/libc/libc.a(minimal__work_build_sipeed_tang_nano_9k_software_include_.._picolibc_src_libc_stdio_puts.o)
 .data          0x00000000        0x0 ../build/sipeed_tang_nano_9k//software/libc/libc.a(minimal__work_build_sipeed_tang_nano_9k_software_include_.._picolibc_src_libc_stdio_puts.o)
 .bss           0x00000000        0x0 ../build/sipeed_tang_nano_9k//software/libc/libc.a(minimal__work_build_sipeed_tang_nano_9k_software_include_.._picolibc_src_libc_stdio_puts.o)
 .debug_macro   0x00000000      0x7de ../build/sipeed_tang_nano_9k//software/libc/libc.a(minimal__work_build_sipeed_tang_nano_9k_software_include_.._picolibc_src_libc_stdio_puts.o)
 .debug_macro   0x00000000      0x220 ../build/sipeed_tang_nano_9k//software/libc/libc.a(minimal__work_build_sipeed_tang_nano_9k_software_include_.._picolibc_src_libc_stdio_puts.o)
 .debug_macro   0x00000000       0x10 ../build/sipeed_tang_nano_9k//software/libc/libc.a(minimal__work_build_sipeed_tang_nano_9k_software_include_.._picolibc_src_libc_stdio_puts.o)
 .debug_macro   0x00000000      0x11e ../build/sipeed_tang_nano_9k//software/libc/libc.a(minimal__work_build_sipeed_tang_nano_9k_software_include_.._picolibc_src_libc_stdio_puts.o)
 .debug_macro   0x00000000       0x34 ../build/sipeed_tang_nano_9k//software/libc/libc.a(minimal__work_build_sipeed_tang_nano_9k_software_include_.._picolibc_src_libc_stdio_puts.o)
 .debug_macro   0x00000000       0x58 ../build/sipeed_tang_nano_9k//software/libc/libc.a(minimal__work_build_sipeed_tang_nano_9k_software_include_.._picolibc_src_libc_stdio_puts.o)
 .debug_macro   0x00000000       0x5b ../build/sipeed_tang_nano_9k//software/libc/libc.a(minimal__work_build_sipeed_tang_nano_9k_software_include_.._picolibc_src_libc_stdio_puts.o)
 .debug_macro   0x00000000      0x253 ../build/sipeed_tang_nano_9k//software/libc/libc.a(minimal__work_build_sipeed_tang_nano_9k_software_include_.._picolibc_src_libc_stdio_puts.o)
 .debug_macro   0x00000000       0x16 ../build/sipeed_tang_nano_9k//software/libc/libc.a(minimal__work_build_sipeed_tang_nano_9k_software_include_.._picolibc_src_libc_stdio_puts.o)
 .debug_macro   0x00000000      0x11c ../build/sipeed_tang_nano_9k//software/libc/libc.a(minimal__work_build_sipeed_tang_nano_9k_software_include_.._picolibc_src_libc_stdio_puts.o)
 .debug_macro   0x00000000       0x16 ../build/sipeed_tang_nano_9k//software/libc/libc.a(minimal__work_build_sipeed_tang_nano_9k_software_include_.._picolibc_src_libc_stdio_puts.o)
 .debug_macro   0x00000000       0x3a ../build/sipeed_tang_nano_9k//software/libc/libc.a(minimal__work_build_sipeed_tang_nano_9k_software_include_.._picolibc_src_libc_stdio_puts.o)
 .debug_macro   0x00000000       0x29 ../build/sipeed_tang_nano_9k//software/libc/libc.a(minimal__work_build_sipeed_tang_nano_9k_software_include_.._picolibc_src_libc_stdio_puts.o)
 .debug_macro   0x00000000       0x58 ../build/sipeed_tang_nano_9k//software/libc/libc.a(minimal__work_build_sipeed_tang_nano_9k_software_include_.._picolibc_src_libc_stdio_puts.o)
 .debug_macro   0x00000000       0x94 ../build/sipeed_tang_nano_9k//software/libc/libc.a(minimal__work_build_sipeed_tang_nano_9k_software_include_.._picolibc_src_libc_stdio_puts.o)
 .debug_macro   0x00000000       0x22 ../build/sipeed_tang_nano_9k//software/libc/libc.a(minimal__work_build_sipeed_tang_nano_9k_software_include_.._picolibc_src_libc_stdio_puts.o)
 .debug_macro   0x00000000       0x16 ../build/sipeed_tang_nano_9k//software/libc/libc.a(minimal__work_build_sipeed_tang_nano_9k_software_include_.._picolibc_src_libc_stdio_puts.o)
 .debug_macro   0x00000000       0x3c ../build/sipeed_tang_nano_9k//software/libc/libc.a(minimal__work_build_sipeed_tang_nano_9k_software_include_.._picolibc_src_libc_stdio_puts.o)
 .debug_macro   0x00000000       0x16 ../build/sipeed_tang_nano_9k//software/libc/libc.a(minimal__work_build_sipeed_tang_nano_9k_software_include_.._picolibc_src_libc_stdio_puts.o)
 .debug_macro   0x00000000       0x4a ../build/sipeed_tang_nano_9k//software/libc/libc.a(minimal__work_build_sipeed_tang_nano_9k_software_include_.._picolibc_src_libc_stdio_puts.o)
 .debug_macro   0x00000000       0x35 ../build/sipeed_tang_nano_9k//software/libc/libc.a(minimal__work_build_sipeed_tang_nano_9k_software_include_.._picolibc_src_libc_stdio_puts.o)
 .debug_macro   0x00000000       0x17 ../build/sipeed_tang_nano_9k//software/libc/libc.a(minimal__work_build_sipeed_tang_nano_9k_software_include_.._picolibc_src_libc_stdio_puts.o)
 .debug_macro   0x00000000       0x34 ../build/sipeed_tang_nano_9k//software/libc/libc.a(minimal__work_build_sipeed_tang_nano_9k_software_include_.._picolibc_src_libc_stdio_puts.o)
 .debug_macro   0x00000000      0x35e ../build/sipeed_tang_nano_9k//software/libc/libc.a(minimal__work_build_sipeed_tang_nano_9k_software_include_.._picolibc_src_libc_stdio_puts.o)
 .debug_macro   0x00000000      0x25c ../build/sipeed_tang_nano_9k//software/libc/libc.a(minimal__work_build_sipeed_tang_nano_9k_software_include_.._picolibc_src_libc_stdio_puts.o)
 .debug_macro   0x00000000       0x1c ../build/sipeed_tang_nano_9k//software/libc/libc.a(minimal__work_build_sipeed_tang_nano_9k_software_include_.._picolibc_src_libc_stdio_puts.o)
 .debug_macro   0x00000000      0x554 ../build/sipeed_tang_nano_9k//software/libc/libc.a(minimal__work_build_sipeed_tang_nano_9k_software_include_.._picolibc_src_libc_stdio_puts.o)
 .debug_macro   0x00000000       0x22 ../build/sipeed_tang_nano_9k//software/libc/libc.a(minimal__work_build_sipeed_tang_nano_9k_software_include_.._picolibc_src_libc_stdio_puts.o)
 .debug_macro   0x00000000       0x43 ../build/sipeed_tang_nano_9k//software/libc/libc.a(minimal__work_build_sipeed_tang_nano_9k_software_include_.._picolibc_src_libc_stdio_puts.o)
 .debug_macro   0x00000000       0x34 ../build/sipeed_tang_nano_9k//software/libc/libc.a(minimal__work_build_sipeed_tang_nano_9k_software_include_.._picolibc_src_libc_stdio_puts.o)
 .debug_macro   0x00000000      0x183 ../build/sipeed_tang_nano_9k//software/libc/libc.a(minimal__work_build_sipeed_tang_nano_9k_software_include_.._picolibc_src_libc_stdio_puts.o)
 .debug_macro   0x00000000      0x241 ../build/sipeed_tang_nano_9k//software/libc/libc.a(minimal__work_build_sipeed_tang_nano_9k_software_include_.._picolibc_src_libc_stdio_puts.o)
 .debug_macro   0x00000000      0x196 ../build/sipeed_tang_nano_9k//software/libc/libc.a(minimal__work_build_sipeed_tang_nano_9k_software_include_.._picolibc_src_libc_stdio_puts.o)
 .debug_macro   0x00000000       0x16 ../build/sipeed_tang_nano_9k//software/libc/libc.a(minimal__work_build_sipeed_tang_nano_9k_software_include_.._picolibc_src_libc_stdio_puts.o)
 .debug_macro   0x00000000      0x106 ../build/sipeed_tang_nano_9k//software/libc/libc.a(minimal__work_build_sipeed_tang_nano_9k_software_include_.._picolibc_src_libc_stdio_puts.o)
 .debug_macro   0x00000000       0x16 ../build/sipeed_tang_nano_9k//software/libc/libc.a(minimal__work_build_sipeed_tang_nano_9k_software_include_.._picolibc_src_libc_stdio_puts.o)
 .debug_macro   0x00000000       0x58 ../build/sipeed_tang_nano_9k//software/libc/libc.a(minimal__work_build_sipeed_tang_nano_9k_software_include_.._picolibc_src_libc_stdio_puts.o)
 .debug_macro   0x00000000      0x1b1 ../build/sipeed_tang_nano_9k//software/libc/libc.a(minimal__work_build_sipeed_tang_nano_9k_software_include_.._picolibc_src_libc_stdio_puts.o)
 .debug_macro   0x00000000       0x10 ../build/sipeed_tang_nano_9k//software/libc/libc.a(minimal__work_build_sipeed_tang_nano_9k_software_include_.._picolibc_src_libc_stdio_puts.o)
 .debug_macro   0x00000000       0x64 ../build/sipeed_tang_nano_9k//software/libc/libc.a(minimal__work_build_sipeed_tang_nano_9k_software_include_.._picolibc_src_libc_stdio_puts.o)
 .debug_macro   0x00000000       0x1c ../build/sipeed_tang_nano_9k//software/libc/libc.a(minimal__work_build_sipeed_tang_nano_9k_software_include_.._picolibc_src_libc_stdio_puts.o)
 .debug_macro   0x00000000       0x82 ../build/sipeed_tang_nano_9k//software/libc/libc.a(minimal__work_build_sipeed_tang_nano_9k_software_include_.._picolibc_src_libc_stdio_puts.o)
 .debug_macro   0x00000000       0xa2 ../build/sipeed_tang_nano_9k//software/libc/libc.a(minimal__work_build_sipeed_tang_nano_9k_software_include_.._picolibc_src_libc_stdio_puts.o)
 .debug_macro   0x00000000      0x103 ../build/sipeed_tang_nano_9k//software/libc/libc.a(minimal__work_build_sipeed_tang_nano_9k_software_include_.._picolibc_src_libc_stdio_puts.o)
 .debug_macro   0x00000000      0x2b0 ../build/sipeed_tang_nano_9k//software/libc/libc.a(minimal__work_build_sipeed_tang_nano_9k_software_include_.._picolibc_src_libc_stdio_puts.o)
 .debug_macro   0x00000000       0x12 ../build/sipeed_tang_nano_9k//software/libc/libc.a(minimal__work_build_sipeed_tang_nano_9k_software_include_.._picolibc_src_libc_stdio_puts.o)
 .debug_macro   0x00000000       0x2e ../build/sipeed_tang_nano_9k//software/libc/libc.a(minimal__work_build_sipeed_tang_nano_9k_software_include_.._picolibc_src_libc_stdio_puts.o)
 .debug_macro   0x00000000       0xad ../build/sipeed_tang_nano_9k//software/libc/libc.a(minimal__work_build_sipeed_tang_nano_9k_software_include_.._picolibc_src_libc_stdio_puts.o)
 .eh_frame      0x00000000       0x40 ../build/sipeed_tang_nano_9k//software/libc/libc.a(minimal__work_build_sipeed_tang_nano_9k_software_include_.._picolibc_src_libc_stdio_puts.o)
 .group         0x00000000        0xc ../build/sipeed_tang_nano_9k//software/libc/libc.a(_libc_minimal.a)
 .group         0x00000000        0xc ../build/sipeed_tang_nano_9k//software/libc/libc.a(_libc_minimal.a)
 .group         0x00000000        0xc ../build/sipeed_tang_nano_9k//software/libc/libc.a(_libc_minimal.a)
 .group         0x00000000        0xc ../build/sipeed_tang_nano_9k//software/libc/libc.a(_libc_minimal.a)
 .group         0x00000000        0xc ../build/sipeed_tang_nano_9k//software/libc/libc.a(_libc_minimal.a)
 .group         0x00000000        0xc ../build/sipeed_tang_nano_9k//software/libc/libc.a(_libc_minimal.a)
 .group         0x00000000        0xc ../build/sipeed_tang_nano_9k//software/libc/libc.a(_libc_minimal.a)
 .group         0x00000000        0xc ../build/sipeed_tang_nano_9k//software/libc/libc.a(_libc_minimal.a)
 .group         0x00000000        0xc ../build/sipeed_tang_nano_9k//software/libc/libc.a(_libc_minimal.a)
 .group         0x00000000        0xc ../build/sipeed_tang_nano_9k//software/libc/libc.a(_libc_minimal.a)
 .group         0x00000000        0xc ../build/sipeed_tang_nano_9k//software/libc/libc.a(_libc_minimal.a)
 .group         0x00000000        0xc ../build/sipeed_tang_nano_9k//software/libc/libc.a(_libc_minimal.a)
 .group         0x00000000        0xc ../build/sipeed_tang_nano_9k//software/libc/libc.a(_libc_minimal.a)
 .group         0x00000000        0xc ../build/sipeed_tang_nano_9k//software/libc/libc.a(_libc_minimal.a)
 .group         0x00000000        0xc ../build/sipeed_tang_nano_9k//software/libc/libc.a(_libc_minimal.a)
 .group         0x00000000        0xc ../build/sipeed_tang_nano_9k//software/libc/libc.a(_libc_minimal.a)
 .group         0x00000000        0xc ../build/sipeed_tang_nano_9k//software/libc/libc.a(_libc_minimal.a)
 .group         0x00000000        0xc ../build/sipeed_tang_nano_9k//software/libc/libc.a(_libc_minimal.a)
 .group         0x00000000        0xc ../build/sipeed_tang_nano_9k//software/libc/libc.a(_libc_minimal.a)
 .group         0x00000000        0xc ../build/sipeed_tang_nano_9k//software/libc/libc.a(_libc_minimal.a)
 .group         0x00000000        0xc ../build/sipeed_tang_nano_9k//software/libc/libc.a(_libc_minimal.a)
 .group         0x00000000        0xc ../build/sipeed_tang_nano_9k//software/libc/libc.a(_libc_minimal.a)
 .group         0x00000000        0xc ../build/sipeed_tang_nano_9k//software/libc/libc.a(_libc_minimal.a)
 .group         0x00000000        0xc ../build/sipeed_tang_nano_9k//software/libc/libc.a(_libc_minimal.a)
 .group         0x00000000        0xc ../build/sipeed_tang_nano_9k//software/libc/libc.a(_libc_minimal.a)
 .group         0x00000000        0xc ../build/sipeed_tang_nano_9k//software/libc/libc.a(_libc_minimal.a)
 .text          0x00000000        0x0 ../build/sipeed_tang_nano_9k//software/libc/libc.a(_libc_minimal.a)
 .data          0x00000000        0x0 ../build/sipeed_tang_nano_9k//software/libc/libc.a(_libc_minimal.a)
 .bss           0x00000000        0x0 ../build/sipeed_tang_nano_9k//software/libc/libc.a(_libc_minimal.a)
 .srodata.stderr
                0x00000000        0x4 ../build/sipeed_tang_nano_9k//software/libc/libc.a(_libc_minimal.a)
 .debug_macro   0x00000000      0x7c6 ../build/sipeed_tang_nano_9k//software/libc/libc.a(_libc_minimal.a)
 .debug_macro   0x00000000      0x220 ../build/sipeed_tang_nano_9k//software/libc/libc.a(_libc_minimal.a)
 .debug_macro   0x00000000       0x9c ../build/sipeed_tang_nano_9k//software/libc/libc.a(_libc_minimal.a)
 .debug_macro   0x00000000       0x34 ../build/sipeed_tang_nano_9k//software/libc/libc.a(_libc_minimal.a)
 .debug_macro   0x00000000       0x58 ../build/sipeed_tang_nano_9k//software/libc/libc.a(_libc_minimal.a)
 .debug_macro   0x00000000       0x5b ../build/sipeed_tang_nano_9k//software/libc/libc.a(_libc_minimal.a)
 .debug_macro   0x00000000      0x253 ../build/sipeed_tang_nano_9k//software/libc/libc.a(_libc_minimal.a)
 .debug_macro   0x00000000       0x10 ../build/sipeed_tang_nano_9k//software/libc/libc.a(_libc_minimal.a)
 .debug_macro   0x00000000       0x9e ../build/sipeed_tang_nano_9k//software/libc/libc.a(_libc_minimal.a)
 .debug_macro   0x00000000       0x10 ../build/sipeed_tang_nano_9k//software/libc/libc.a(_libc_minimal.a)
 .debug_macro   0x00000000       0x58 ../build/sipeed_tang_nano_9k//software/libc/libc.a(_libc_minimal.a)
 .debug_macro   0x00000000       0x16 ../build/sipeed_tang_nano_9k//software/libc/libc.a(_libc_minimal.a)
 .debug_macro   0x00000000       0x20 ../build/sipeed_tang_nano_9k//software/libc/libc.a(_libc_minimal.a)
 .debug_macro   0x00000000       0x35 ../build/sipeed_tang_nano_9k//software/libc/libc.a(_libc_minimal.a)
 .debug_macro   0x00000000      0x1f0 ../build/sipeed_tang_nano_9k//software/libc/libc.a(_libc_minimal.a)
 .debug_macro   0x00000000       0x16 ../build/sipeed_tang_nano_9k//software/libc/libc.a(_libc_minimal.a)
 .debug_macro   0x00000000       0x16 ../build/sipeed_tang_nano_9k//software/libc/libc.a(_libc_minimal.a)
 .debug_macro   0x00000000       0x6a ../build/sipeed_tang_nano_9k//software/libc/libc.a(_libc_minimal.a)
 .debug_macro   0x00000000      0x103 ../build/sipeed_tang_nano_9k//software/libc/libc.a(_libc_minimal.a)
 .debug_macro   0x00000000      0x1df ../build/sipeed_tang_nano_9k//software/libc/libc.a(_libc_minimal.a)
 .debug_macro   0x00000000       0xa0 ../build/sipeed_tang_nano_9k//software/libc/libc.a(_libc_minimal.a)
 .debug_macro   0x00000000      0x10b ../build/sipeed_tang_nano_9k//software/libc/libc.a(_libc_minimal.a)
 .debug_macro   0x00000000       0x28 ../build/sipeed_tang_nano_9k//software/libc/libc.a(_libc_minimal.a)
 .debug_macro   0x00000000       0x1c ../build/sipeed_tang_nano_9k//software/libc/libc.a(_libc_minimal.a)
 .debug_macro   0x00000000       0x50 ../build/sipeed_tang_nano_9k//software/libc/libc.a(_libc_minimal.a)
 .debug_macro   0x00000000      0x1d9 ../build/sipeed_tang_nano_9k//software/libc/libc.a(_libc_minimal.a)
 .eh_frame      0x00000000       0x50 ../build/sipeed_tang_nano_9k//software/libc/libc.a(_libc_minimal.a)
 .group         0x00000000        0xc ../build/sipeed_tang_nano_9k//software/libbase/libbase.a(console.o)
 .group         0x00000000        0xc ../build/sipeed_tang_nano_9k//software/libbase/libbase.a(console.o)
 .group         0x00000000        0xc ../build/sipeed_tang_nano_9k//software/libbase/libbase.a(console.o)
 .group         0x00000000        0xc ../build/sipeed_tang_nano_9k//software/libbase/libbase.a(console.o)
 .group         0x00000000        0xc ../build/sipeed_tang_nano_9k//software/libbase/libbase.a(console.o)
 .group         0x00000000        0xc ../build/sipeed_tang_nano_9k//software/libbase/libbase.a(console.o)
 .group         0x00000000        0xc ../build/sipeed_tang_nano_9k//software/libbase/libbase.a(console.o)
 .group         0x00000000        0xc ../build/sipeed_tang_nano_9k//software/libbase/libbase.a(console.o)
 .group         0x00000000        0xc ../build/sipeed_tang_nano_9k//software/libbase/libbase.a(console.o)
 .group         0x00000000        0xc ../build/sipeed_tang_nano_9k//software/libbase/libbase.a(console.o)
 .group         0x00000000        0xc ../build/sipeed_tang_nano_9k//software/libbase/libbase.a(console.o)
 .group         0x00000000        0xc ../build/sipeed_tang_nano_9k//software/libbase/libbase.a(console.o)
 .group         0x00000000        0xc ../build/sipeed_tang_nano_9k//software/libbase/libbase.a(console.o)
 .group         0x00000000        0xc ../build/sipeed_tang_nano_9k//software/libbase/libbase.a(console.o)
 .group         0x00000000        0xc ../build/sipeed_tang_nano_9k//software/libbase/libbase.a(console.o)
 .group         0x00000000        0xc ../build/sipeed_tang_nano_9k//software/libbase/libbase.a(console.o)
 .group         0x00000000        0xc ../build/sipeed_tang_nano_9k//software/libbase/libbase.a(console.o)
 .group         0x00000000        0xc ../build/sipeed_tang_nano_9k//software/libbase/libbase.a(console.o)
 .text          0x00000000        0x0 ../build/sipeed_tang_nano_9k//software/libbase/libbase.a(console.o)
 .data          0x00000000        0x0 ../build/sipeed_tang_nano_9k//software/libbase/libbase.a(console.o)
 .bss           0x00000000        0x0 ../build/sipeed_tang_nano_9k//software/libbase/libbase.a(console.o)
 .debug_macro   0x00000000      0x7c6 ../build/sipeed_tang_nano_9k//software/libbase/libbase.a(console.o)
 .debug_macro   0x00000000       0x16 ../build/sipeed_tang_nano_9k//software/libbase/libbase.a(console.o)
 .debug_macro   0x00000000       0x16 ../build/sipeed_tang_nano_9k//software/libbase/libbase.a(console.o)
 .debug_macro   0x00000000      0x220 ../build/sipeed_tang_nano_9k//software/libbase/libbase.a(console.o)
 .debug_macro   0x00000000       0x9c ../build/sipeed_tang_nano_9k//software/libbase/libbase.a(console.o)
 .debug_macro   0x00000000       0x34 ../build/sipeed_tang_nano_9k//software/libbase/libbase.a(console.o)
 .debug_macro   0x00000000       0x58 ../build/sipeed_tang_nano_9k//software/libbase/libbase.a(console.o)
 .debug_macro   0x00000000       0x5b ../build/sipeed_tang_nano_9k//software/libbase/libbase.a(console.o)
 .debug_macro   0x00000000      0x253 ../build/sipeed_tang_nano_9k//software/libbase/libbase.a(console.o)
 .debug_macro   0x00000000       0x6a ../build/sipeed_tang_nano_9k//software/libbase/libbase.a(console.o)
 .debug_macro   0x00000000      0x103 ../build/sipeed_tang_nano_9k//software/libbase/libbase.a(console.o)
 .debug_macro   0x00000000      0x1df ../build/sipeed_tang_nano_9k//software/libbase/libbase.a(console.o)
 .debug_macro   0x00000000       0xa0 ../build/sipeed_tang_nano_9k//software/libbase/libbase.a(console.o)
 .debug_macro   0x00000000       0x28 ../build/sipeed_tang_nano_9k//software/libbase/libbase.a(console.o)
 .debug_macro   0x00000000       0x1c ../build/sipeed_tang_nano_9k//software/libbase/libbase.a(console.o)
 .debug_macro   0x00000000       0x50 ../build/sipeed_tang_nano_9k//software/libbase/libbase.a(console.o)
 .debug_macro   0x00000000      0x1d9 ../build/sipeed_tang_nano_9k//software/libbase/libbase.a(console.o)
 .eh_frame      0x00000000       0x28 ../build/sipeed_tang_nano_9k//software/libbase/libbase.a(console.o)
 .group         0x00000000        0xc ../build/sipeed_tang_nano_9k//software/libbase/libbase.a(uart.o)
 .group         0x00000000        0xc ../build/sipeed_tang_nano_9k//software/libbase/libbase.a(uart.o)
 .group         0x00000000        0xc ../build/sipeed_tang_nano_9k//software/libbase/libbase.a(uart.o)
 .group         0x00000000        0xc ../build/sipeed_tang_nano_9k//software/libbase/libbase.a(uart.o)
 .group         0x00000000        0xc ../build/sipeed_tang_nano_9k//software/libbase/libbase.a(uart.o)
 .group         0x00000000        0xc ../build/sipeed_tang_nano_9k//software/libbase/libbase.a(uart.o)
 .group         0x00000000        0xc ../build/sipeed_tang_nano_9k//software/libbase/libbase.a(uart.o)
 .group         0x00000000        0xc ../build/sipeed_tang_nano_9k//software/libbase/libbase.a(uart.o)
 .group         0x00000000        0xc ../build/sipeed_tang_nano_9k//software/libbase/libbase.a(uart.o)
 .group         0x00000000        0xc ../build/sipeed_tang_nano_9k//software/libbase/libbase.a(uart.o)
 .group         0x00000000        0xc ../build/sipeed_tang_nano_9k//software/libbase/libbase.a(uart.o)
 .group         0x00000000        0xc ../build/sipeed_tang_nano_9k//software/libbase/libbase.a(uart.o)
 .group         0x00000000        0xc ../build/sipeed_tang_nano_9k//software/libbase/libbase.a(uart.o)
 .group         0x00000000        0xc ../build/sipeed_tang_nano_9k//software/libbase/libbase.a(uart.o)
 .group         0x00000000        0xc ../build/sipeed_tang_nano_9k//software/libbase/libbase.a(uart.o)
 .group         0x00000000        0xc ../build/sipeed_tang_nano_9k//software/libbase/libbase.a(uart.o)
 .group         0x00000000        0xc ../build/sipeed_tang_nano_9k//software/libbase/libbase.a(uart.o)
 .text          0x00000000        0x0 ../build/sipeed_tang_nano_9k//software/libbase/libbase.a(uart.o)
 .data          0x00000000        0x0 ../build/sipeed_tang_nano_9k//software/libbase/libbase.a(uart.o)
 .bss           0x00000000        0x0 ../build/sipeed_tang_nano_9k//software/libbase/libbase.a(uart.o)
 .text.uart_isr
                0x00000000        0x2 ../build/sipeed_tang_nano_9k//software/libbase/libbase.a(uart.o)
 .text.uart_sync
                0x00000000        0xe ../build/sipeed_tang_nano_9k//software/libbase/libbase.a(uart.o)
 .debug_macro   0x00000000      0x7c6 ../build/sipeed_tang_nano_9k//software/libbase/libbase.a(uart.o)
 .debug_macro   0x00000000       0x16 ../build/sipeed_tang_nano_9k//software/libbase/libbase.a(uart.o)
 .debug_macro   0x00000000      0x189 ../build/sipeed_tang_nano_9k//software/libbase/libbase.a(uart.o)
 .debug_macro   0x00000000       0x28 ../build/sipeed_tang_nano_9k//software/libbase/libbase.a(uart.o)
 .debug_macro   0x00000000       0x1c ../build/sipeed_tang_nano_9k//software/libbase/libbase.a(uart.o)
 .debug_macro   0x00000000      0x220 ../build/sipeed_tang_nano_9k//software/libbase/libbase.a(uart.o)
 .debug_macro   0x00000000       0x9c ../build/sipeed_tang_nano_9k//software/libbase/libbase.a(uart.o)
 .debug_macro   0x00000000       0x34 ../build/sipeed_tang_nano_9k//software/libbase/libbase.a(uart.o)
 .debug_macro   0x00000000       0x58 ../build/sipeed_tang_nano_9k//software/libbase/libbase.a(uart.o)
 .debug_macro   0x00000000       0x5b ../build/sipeed_tang_nano_9k//software/libbase/libbase.a(uart.o)
 .debug_macro   0x00000000      0x253 ../build/sipeed_tang_nano_9k//software/libbase/libbase.a(uart.o)
 .debug_macro   0x00000000       0x6a ../build/sipeed_tang_nano_9k//software/libbase/libbase.a(uart.o)
 .debug_macro   0x00000000      0x103 ../build/sipeed_tang_nano_9k//software/libbase/libbase.a(uart.o)
 .debug_macro   0x00000000      0x1df ../build/sipeed_tang_nano_9k//software/libbase/libbase.a(uart.o)
 .debug_macro   0x00000000       0xa0 ../build/sipeed_tang_nano_9k//software/libbase/libbase.a(uart.o)
 .debug_macro   0x00000000       0x50 ../build/sipeed_tang_nano_9k//software/libbase/libbase.a(uart.o)
 .debug_macro   0x00000000      0x1d9 ../build/sipeed_tang_nano_9k//software/libbase/libbase.a(uart.o)
 .eh_frame      0x00000000       0x8c ../build/sipeed_tang_nano_9k//software/libbase/libbase.a(uart.o)

Memory Configuration

Name             Origin             Length             Attributes
sram             0x01000000         0x00002000
main_ram         0x40000000         0x00002000
spiflash         0x00000000         0x00400000
rom              0x00000000         0x00010000
csr              0x82000000         0x00010000
*default*        0x00000000         0xffffffff

Linker script and memory map

LOAD crt0.o
LOAD main.o
START GROUP
LOAD ../build/sipeed_tang_nano_9k//software/libc/libc.a
LOAD ../build/sipeed_tang_nano_9k//software/libcompiler_rt/libcompiler_rt.a
LOAD ../build/sipeed_tang_nano_9k//software/libbase/libbase.a
LOAD ../build/sipeed_tang_nano_9k//software/libfatfs/libfatfs.a
LOAD ../build/sipeed_tang_nano_9k//software/liblitespi/liblitespi.a
LOAD ../build/sipeed_tang_nano_9k//software/liblitedram/liblitedram.a
LOAD ../build/sipeed_tang_nano_9k//software/libliteeth/libliteeth.a
LOAD ../build/sipeed_tang_nano_9k//software/liblitesdcard/liblitesdcard.a
LOAD ../build/sipeed_tang_nano_9k//software/liblitesata/liblitesata.a
END GROUP
                0x00000000                        __DYNAMIC = 0x0

.text           0x40000000      0x218
                0x40000000                        _ftext = .
 *crt0*(.text)
 .text          0x40000000       0x62 crt0.o
                0x40000000                _start
 *crt0*(.text)
 *(.text.isr)
 *(.text .stub .text.* .gnu.linkonce.t.*)
 .text.startup.main
                0x40000062       0x46 main.o
                0x40000062                main
 .text.getc     0x400000a8       0x58 ../build/sipeed_tang_nano_9k//software/libc/libc.a(minimal__work_build_sipeed_tang_nano_9k_software_include_.._picolibc_src_libc_stdio_fgetc.o)
                0x400000a8                getc_unlocked
                0x400000a8                getc
                0x400000a8                fgetc
 .text.putc     0x40000100       0x3e ../build/sipeed_tang_nano_9k//software/libc/libc.a(minimal__work_build_sipeed_tang_nano_9k_software_include_.._picolibc_src_libc_stdio_fputc.o)
                0x40000100                putc_unlocked
                0x40000100                putc
                0x40000100                fputc
 .text.puts     0x4000013e       0x56 ../build/sipeed_tang_nano_9k//software/libc/libc.a(minimal__work_build_sipeed_tang_nano_9k_software_include_.._picolibc_src_libc_stdio_puts.o)
                0x4000013e                puts
 .text.litex_getc
                0x40000194       0x10 ../build/sipeed_tang_nano_9k//software/libc/libc.a(_libc_minimal.a)
 .text.litex_putc
                0x400001a4       0x20 ../build/sipeed_tang_nano_9k//software/libc/libc.a(_libc_minimal.a)
 .text.readchar_nonblock
                0x400001c4        0x2 ../build/sipeed_tang_nano_9k//software/libbase/libbase.a(console.o)
                0x400001c4                readchar_nonblock
 .text.uart_read
                0x400001c6       0x28 ../build/sipeed_tang_nano_9k//software/libbase/libbase.a(uart.o)
                0x400001c6                uart_read
 .text.uart_read_nonblock
                0x400001ee       0x10 ../build/sipeed_tang_nano_9k//software/libbase/libbase.a(uart.o)
                0x400001ee                uart_read_nonblock
 .text.uart_write
                0x400001fe       0x18 ../build/sipeed_tang_nano_9k//software/libbase/libbase.a(uart.o)
                0x400001fe                uart_write
 .text.uart_init
                0x40000216        0x2 ../build/sipeed_tang_nano_9k//software/libbase/libbase.a(uart.o)
                0x40000216                uart_init
                0x40000218                        _etext = .

.rodata         0x40000218       0x30
                0x40000218                        . = ALIGN (0x8)
 *fill*         0x40000218        0x0 
                0x40000218                        _frodata = .
 *(.rodata .rodata.* .gnu.linkonce.r.*)
 .rodata.main.str1.4
                0x40000218       0x26 main.o
 *(.rodata1)
 *(.srodata .srodata.*)
 *fill*         0x4000023e        0x2 
 .srodata.stdin
                0x40000240        0x4 ../build/sipeed_tang_nano_9k//software/libc/libc.a(_libc_minimal.a)
                0x40000240                stdin
 .srodata.stdout
                0x40000244        0x4 ../build/sipeed_tang_nano_9k//software/libc/libc.a(_libc_minimal.a)
                0x40000244                stdout
 *(.got .got.*)
 *(.toc .toc.*)
 FILL mask 0x00000000
                0x40000248                        . = ALIGN (0x8)
                0x40000248                        _erodata = .

.rela.dyn       0x40000248        0x0
 .rela.text     0x40000248        0x0 crt0.o

.data           0x01000000       0x10 load address 0x40000248
                0x01000000                        . = ALIGN (0x8)
                0x01000000                        _fdata = .
 *(.data .data.* .gnu.linkonce.d.*)
 .data.__stdio  0x01000000       0x10 ../build/sipeed_tang_nano_9k//software/libc/libc.a(_libc_minimal.a)
 *(.data1)
                0x01000010                        _gp = ALIGN (0x10)
 *(.sdata .sdata.* .gnu.linkonce.s.*)
 FILL mask 0x00000000
                0x01000010                        . = ALIGN (0x8)
                0x01000010                        _edata = .

.bss            0x01000010        0x0 load address 0x40000258
                0x01000010                        . = ALIGN (0x8)
                0x01000010                        _fbss = .
 *(.dynsbss)
 *(.sbss .sbss.* .gnu.linkonce.sb.*)
 *(.scommon)
 *(.dynbss)
 *(.bss .bss.* .gnu.linkonce.b.*)
 *(COMMON)
                0x01000010                        . = ALIGN (0x8)
                0x01000010                        _ebss = .
                0x01000010                        _end = .
                0x01002000                        PROVIDE (_fstack = (ORIGIN (sram) + LENGTH (sram)))
                0x40000248                        PROVIDE (_fdata_rom = LOADADDR (.data))
                [!provide]                        PROVIDE (_edata_rom = (LOADADDR (.data) + SIZEOF (.data)))
OUTPUT(app.elf elf32-littleriscv)

.riscv.attributes
                0x00000000       0x48
 .riscv.attributes
                0x00000000       0x46 crt0.o
 .riscv.attributes
                0x00000046       0x44 main.o
 .riscv.attributes
                0x0000008a       0x44 ../build/sipeed_tang_nano_9k//software/libc/libc.a(minimal__work_build_sipeed_tang_nano_9k_software_include_.._picolibc_src_libc_stdio_fgetc.o)
 .riscv.attributes
                0x000000ce       0x44 ../build/sipeed_tang_nano_9k//software/libc/libc.a(minimal__work_build_sipeed_tang_nano_9k_software_include_.._picolibc_src_libc_stdio_fputc.o)
 .riscv.attributes
                0x00000112       0x44 ../build/sipeed_tang_nano_9k//software/libc/libc.a(minimal__work_build_sipeed_tang_nano_9k_software_include_.._picolibc_src_libc_stdio_puts.o)
 .riscv.attributes
                0x00000156       0x44 ../build/sipeed_tang_nano_9k//software/libc/libc.a(_libc_minimal.a)
 .riscv.attributes
                0x0000019a       0x44 ../build/sipeed_tang_nano_9k//software/libbase/libbase.a(console.o)
 .riscv.attributes
                0x000001de       0x44 ../build/sipeed_tang_nano_9k//software/libbase/libbase.a(uart.o)

.comment        0x00000000       0x22
 .comment       0x00000000       0x22 main.o
                                 0x23 (size before relaxing)
 .comment       0x00000022       0x23 ../build/sipeed_tang_nano_9k//software/libc/libc.a(minimal__work_build_sipeed_tang_nano_9k_software_include_.._picolibc_src_libc_stdio_fgetc.o)
 .comment       0x00000022       0x23 ../build/sipeed_tang_nano_9k//software/libc/libc.a(minimal__work_build_sipeed_tang_nano_9k_software_include_.._picolibc_src_libc_stdio_fputc.o)
 .comment       0x00000022       0x23 ../build/sipeed_tang_nano_9k//software/libc/libc.a(minimal__work_build_sipeed_tang_nano_9k_software_include_.._picolibc_src_libc_stdio_puts.o)
 .comment       0x00000022       0x23 ../build/sipeed_tang_nano_9k//software/libc/libc.a(_libc_minimal.a)
 .comment       0x00000022       0x23 ../build/sipeed_tang_nano_9k//software/libbase/libbase.a(console.o)
 .comment       0x00000022       0x23 ../build/sipeed_tang_nano_9k//software/libbase/libbase.a(uart.o)

.debug_line     0x00000000      0xee8
 .debug_line    0x00000000       0xbe crt0.o
 .debug_line    0x000000be      0x1c3 main.o
 .debug_line    0x00000281      0x261 ../build/sipeed_tang_nano_9k//software/libc/libc.a(minimal__work_build_sipeed_tang_nano_9k_software_include_.._picolibc_src_libc_stdio_fgetc.o)
 .debug_line    0x000004e2      0x1b9 ../build/sipeed_tang_nano_9k//software/libc/libc.a(minimal__work_build_sipeed_tang_nano_9k_software_include_.._picolibc_src_libc_stdio_fputc.o)
 .debug_line    0x0000069b      0x25f ../build/sipeed_tang_nano_9k//software/libc/libc.a(minimal__work_build_sipeed_tang_nano_9k_software_include_.._picolibc_src_libc_stdio_puts.o)
 .debug_line    0x000008fa      0x18d ../build/sipeed_tang_nano_9k//software/libc/libc.a(_libc_minimal.a)
 .debug_line    0x00000a87       0xd9 ../build/sipeed_tang_nano_9k//software/libbase/libbase.a(console.o)
 .debug_line    0x00000b60      0x388 ../build/sipeed_tang_nano_9k//software/libbase/libbase.a(uart.o)

.debug_line_str
                0x00000000      0x6a1
 .debug_line_str
                0x00000000      0x6a1 crt0.o
                                 0x11 (size before relaxing)
 .debug_line_str
                0x000006a1      0x363 main.o
 .debug_line_str
                0x000006a1      0x450 ../build/sipeed_tang_nano_9k//software/libc/libc.a(minimal__work_build_sipeed_tang_nano_9k_software_include_.._picolibc_src_libc_stdio_fgetc.o)
 .debug_line_str
                0x000006a1      0x450 ../build/sipeed_tang_nano_9k//software/libc/libc.a(minimal__work_build_sipeed_tang_nano_9k_software_include_.._picolibc_src_libc_stdio_fputc.o)
 .debug_line_str
                0x000006a1      0x44d ../build/sipeed_tang_nano_9k//software/libc/libc.a(minimal__work_build_sipeed_tang_nano_9k_software_include_.._picolibc_src_libc_stdio_puts.o)
 .debug_line_str
                0x000006a1      0x400 ../build/sipeed_tang_nano_9k//software/libc/libc.a(_libc_minimal.a)
 .debug_line_str
                0x000006a1      0x3bc ../build/sipeed_tang_nano_9k//software/libbase/libbase.a(console.o)
 .debug_line_str
                0x000006a1      0x3b5 ../build/sipeed_tang_nano_9k//software/libbase/libbase.a(uart.o)

.debug_info     0x00000000      0xec6
 .debug_info    0x00000000       0x24 crt0.o
 .debug_info    0x00000024      0x2d9 main.o
 .debug_info    0x000002fd      0x201 ../build/sipeed_tang_nano_9k//software/libc/libc.a(minimal__work_build_sipeed_tang_nano_9k_software_include_.._picolibc_src_libc_stdio_fgetc.o)
 .debug_info    0x000004fe      0x18f ../build/sipeed_tang_nano_9k//software/libc/libc.a(minimal__work_build_sipeed_tang_nano_9k_software_include_.._picolibc_src_libc_stdio_fputc.o)
 .debug_info    0x0000068d      0x217 ../build/sipeed_tang_nano_9k//software/libc/libc.a(minimal__work_build_sipeed_tang_nano_9k_software_include_.._picolibc_src_libc_stdio_puts.o)
 .debug_info    0x000008a4      0x24c ../build/sipeed_tang_nano_9k//software/libc/libc.a(_libc_minimal.a)
 .debug_info    0x00000af0       0x9d ../build/sipeed_tang_nano_9k//software/libbase/libbase.a(console.o)
 .debug_info    0x00000b8d      0x339 ../build/sipeed_tang_nano_9k//software/libbase/libbase.a(uart.o)

.debug_abbrev   0x00000000      0x889
 .debug_abbrev  0x00000000       0x14 crt0.o
 .debug_abbrev  0x00000014      0x1a9 main.o
 .debug_abbrev  0x000001bd      0x148 ../build/sipeed_tang_nano_9k//software/libc/libc.a(minimal__work_build_sipeed_tang_nano_9k_software_include_.._picolibc_src_libc_stdio_fgetc.o)
 .debug_abbrev  0x00000305       0xda ../build/sipeed_tang_nano_9k//software/libc/libc.a(minimal__work_build_sipeed_tang_nano_9k_software_include_.._picolibc_src_libc_stdio_fputc.o)
 .debug_abbrev  0x000003df      0x13c ../build/sipeed_tang_nano_9k//software/libc/libc.a(minimal__work_build_sipeed_tang_nano_9k_software_include_.._picolibc_src_libc_stdio_puts.o)
 .debug_abbrev  0x0000051b      0x173 ../build/sipeed_tang_nano_9k//software/libc/libc.a(_libc_minimal.a)
 .debug_abbrev  0x0000068e       0x68 ../build/sipeed_tang_nano_9k//software/libbase/libbase.a(console.o)
 .debug_abbrev  0x000006f6      0x193 ../build/sipeed_tang_nano_9k//software/libbase/libbase.a(uart.o)

.debug_aranges  0x00000000      0x130
 .debug_aranges
                0x00000000       0x20 crt0.o
 .debug_aranges
                0x00000020       0x20 main.o
 .debug_aranges
                0x00000040       0x20 ../build/sipeed_tang_nano_9k//software/libc/libc.a(minimal__work_build_sipeed_tang_nano_9k_software_include_.._picolibc_src_libc_stdio_fgetc.o)
 .debug_aranges
                0x00000060       0x20 ../build/sipeed_tang_nano_9k//software/libc/libc.a(minimal__work_build_sipeed_tang_nano_9k_software_include_.._picolibc_src_libc_stdio_fputc.o)
 .debug_aranges
                0x00000080       0x20 ../build/sipeed_tang_nano_9k//software/libc/libc.a(minimal__work_build_sipeed_tang_nano_9k_software_include_.._picolibc_src_libc_stdio_puts.o)
 .debug_aranges
                0x000000a0       0x28 ../build/sipeed_tang_nano_9k//software/libc/libc.a(_libc_minimal.a)
 .debug_aranges
                0x000000c8       0x20 ../build/sipeed_tang_nano_9k//software/libbase/libbase.a(console.o)
 .debug_aranges
                0x000000e8       0x48 ../build/sipeed_tang_nano_9k//software/libbase/libbase.a(uart.o)

.debug_str      0x00000000     0xc484
 .debug_str     0x00000000     0xc484 crt0.o
                                 0x1d (size before relaxing)
 .debug_str     0x0000c484     0x7544 main.o
 .debug_str     0x0000c484     0xb0aa ../build/sipeed_tang_nano_9k//software/libc/libc.a(minimal__work_build_sipeed_tang_nano_9k_software_include_.._picolibc_src_libc_stdio_fgetc.o)
 .debug_str     0x0000c484     0xb08d ../build/sipeed_tang_nano_9k//software/libc/libc.a(minimal__work_build_sipeed_tang_nano_9k_software_include_.._picolibc_src_libc_stdio_fputc.o)
 .debug_str     0x0000c484     0xb0a8 ../build/sipeed_tang_nano_9k//software/libc/libc.a(minimal__work_build_sipeed_tang_nano_9k_software_include_.._picolibc_src_libc_stdio_puts.o)
 .debug_str     0x0000c484     0x7524 ../build/sipeed_tang_nano_9k//software/libc/libc.a(_libc_minimal.a)
 .debug_str     0x0000c484     0x67de ../build/sipeed_tang_nano_9k//software/libbase/libbase.a(console.o)
 .debug_str     0x0000c484     0x6874 ../build/sipeed_tang_nano_9k//software/libbase/libbase.a(uart.o)

.debug_loclists
                0x00000000      0x230
 .debug_loclists
                0x00000000       0x4b main.o
 .debug_loclists
                0x0000004b       0x6b ../build/sipeed_tang_nano_9k//software/libc/libc.a(minimal__work_build_sipeed_tang_nano_9k_software_include_.._picolibc_src_libc_stdio_fgetc.o)
 .debug_loclists
                0x000000b6       0x48 ../build/sipeed_tang_nano_9k//software/libc/libc.a(minimal__work_build_sipeed_tang_nano_9k_software_include_.._picolibc_src_libc_stdio_fputc.o)
 .debug_loclists
                0x000000fe       0x5e ../build/sipeed_tang_nano_9k//software/libc/libc.a(minimal__work_build_sipeed_tang_nano_9k_software_include_.._picolibc_src_libc_stdio_puts.o)
 .debug_loclists
                0x0000015c       0x53 ../build/sipeed_tang_nano_9k//software/libc/libc.a(_libc_minimal.a)
 .debug_loclists
                0x000001af       0x81 ../build/sipeed_tang_nano_9k//software/libbase/libbase.a(uart.o)

.debug_rnglists
                0x00000000       0xf4
 .debug_rnglists
                0x00000000       0x3a main.o
 .debug_rnglists
                0x0000003a       0x13 ../build/sipeed_tang_nano_9k//software/libc/libc.a(minimal__work_build_sipeed_tang_nano_9k_software_include_.._picolibc_src_libc_stdio_fgetc.o)
 .debug_rnglists
                0x0000004d       0x13 ../build/sipeed_tang_nano_9k//software/libc/libc.a(minimal__work_build_sipeed_tang_nano_9k_software_include_.._picolibc_src_libc_stdio_fputc.o)
 .debug_rnglists
                0x00000060       0x13 ../build/sipeed_tang_nano_9k//software/libc/libc.a(minimal__work_build_sipeed_tang_nano_9k_software_include_.._picolibc_src_libc_stdio_puts.o)
 .debug_rnglists
                0x00000073       0x19 ../build/sipeed_tang_nano_9k//software/libc/libc.a(_libc_minimal.a)
 .debug_rnglists
                0x0000008c       0x13 ../build/sipeed_tang_nano_9k//software/libbase/libbase.a(console.o)
 .debug_rnglists
                0x0000009f       0x55 ../build/sipeed_tang_nano_9k//software/libbase/libbase.a(uart.o)

.debug_macro    0x00000000     0x4b39
 .debug_macro   0x00000000      0x12e main.o
 .debug_macro   0x0000012e      0x7c6 main.o
 .debug_macro   0x000008f4      0x220 main.o
 .debug_macro   0x00000b14       0x9c main.o
 .debug_macro   0x00000bb0       0x34 main.o
 .debug_macro   0x00000be4       0x58 main.o
 .debug_macro   0x00000c3c       0x5b main.o
 .debug_macro   0x00000c97      0x253 main.o
 .debug_macro   0x00000eea       0x10 main.o
 .debug_macro   0x00000efa       0x9e main.o
 .debug_macro   0x00000f98       0x10 main.o
 .debug_macro   0x00000fa8       0x58 main.o
 .debug_macro   0x00001000       0x16 main.o
 .debug_macro   0x00001016       0x20 main.o
 .debug_macro   0x00001036       0x35 main.o
 .debug_macro   0x0000106b      0x1f0 main.o
 .debug_macro   0x0000125b       0x16 main.o
 .debug_macro   0x00001271       0x16 main.o
 .debug_macro   0x00001287       0x6a main.o
 .debug_macro   0x000012f1      0x103 main.o
 .debug_macro   0x000013f4      0x1df main.o
 .debug_macro   0x000015d3       0xa0 main.o
 .debug_macro   0x00001673      0x10b main.o
 .debug_macro   0x0000177e       0x28 main.o
 .debug_macro   0x000017a6       0x1c main.o
 .debug_macro   0x000017c2       0x50 main.o
 .debug_macro   0x00001812      0x1d9 main.o
 .debug_macro   0x000019eb      0x24d ../build/sipeed_tang_nano_9k//software/libc/libc.a(minimal__work_build_sipeed_tang_nano_9k_software_include_.._picolibc_src_libc_stdio_fgetc.o)
 .debug_macro   0x00001c38      0x7de ../build/sipeed_tang_nano_9k//software/libc/libc.a(minimal__work_build_sipeed_tang_nano_9k_software_include_.._picolibc_src_libc_stdio_fgetc.o)
 .debug_macro   0x00002416       0x10 ../build/sipeed_tang_nano_9k//software/libc/libc.a(minimal__work_build_sipeed_tang_nano_9k_software_include_.._picolibc_src_libc_stdio_fgetc.o)
 .debug_macro   0x00002426      0x11e ../build/sipeed_tang_nano_9k//software/libc/libc.a(minimal__work_build_sipeed_tang_nano_9k_software_include_.._picolibc_src_libc_stdio_fgetc.o)
 .debug_macro   0x00002544       0x16 ../build/sipeed_tang_nano_9k//software/libc/libc.a(minimal__work_build_sipeed_tang_nano_9k_software_include_.._picolibc_src_libc_stdio_fgetc.o)
 .debug_macro   0x0000255a      0x11c ../build/sipeed_tang_nano_9k//software/libc/libc.a(minimal__work_build_sipeed_tang_nano_9k_software_include_.._picolibc_src_libc_stdio_fgetc.o)
 .debug_macro   0x00002676       0x16 ../build/sipeed_tang_nano_9k//software/libc/libc.a(minimal__work_build_sipeed_tang_nano_9k_software_include_.._picolibc_src_libc_stdio_fgetc.o)
 .debug_macro   0x0000268c       0x3a ../build/sipeed_tang_nano_9k//software/libc/libc.a(minimal__work_build_sipeed_tang_nano_9k_software_include_.._picolibc_src_libc_stdio_fgetc.o)
 .debug_macro   0x000026c6       0x29 ../build/sipeed_tang_nano_9k//software/libc/libc.a(minimal__work_build_sipeed_tang_nano_9k_software_include_.._picolibc_src_libc_stdio_fgetc.o)
 .debug_macro   0x000026ef       0x58 ../build/sipeed_tang_nano_9k//software/libc/libc.a(minimal__work_build_sipeed_tang_nano_9k_software_include_.._picolibc_src_libc_stdio_fgetc.o)
 .debug_macro   0x00002747       0x94 ../build/sipeed_tang_nano_9k//software/libc/libc.a(minimal__work_build_sipeed_tang_nano_9k_software_include_.._picolibc_src_libc_stdio_fgetc.o)
 .debug_macro   0x000027db       0x22 ../build/sipeed_tang_nano_9k//software/libc/libc.a(minimal__work_build_sipeed_tang_nano_9k_software_include_.._picolibc_src_libc_stdio_fgetc.o)
 .debug_macro   0x000027fd       0x16 ../build/sipeed_tang_nano_9k//software/libc/libc.a(minimal__work_build_sipeed_tang_nano_9k_software_include_.._picolibc_src_libc_stdio_fgetc.o)
 .debug_macro   0x00002813       0x3c ../build/sipeed_tang_nano_9k//software/libc/libc.a(minimal__work_build_sipeed_tang_nano_9k_software_include_.._picolibc_src_libc_stdio_fgetc.o)
 .debug_macro   0x0000284f       0x4a ../build/sipeed_tang_nano_9k//software/libc/libc.a(minimal__work_build_sipeed_tang_nano_9k_software_include_.._picolibc_src_libc_stdio_fgetc.o)
 .debug_macro   0x00002899       0x17 ../build/sipeed_tang_nano_9k//software/libc/libc.a(minimal__work_build_sipeed_tang_nano_9k_software_include_.._picolibc_src_libc_stdio_fgetc.o)
 .debug_macro   0x000028b0       0x34 ../build/sipeed_tang_nano_9k//software/libc/libc.a(minimal__work_build_sipeed_tang_nano_9k_software_include_.._picolibc_src_libc_stdio_fgetc.o)
 .debug_macro   0x000028e4      0x35e ../build/sipeed_tang_nano_9k//software/libc/libc.a(minimal__work_build_sipeed_tang_nano_9k_software_include_.._picolibc_src_libc_stdio_fgetc.o)
 .debug_macro   0x00002c42      0x25c ../build/sipeed_tang_nano_9k//software/libc/libc.a(minimal__work_build_sipeed_tang_nano_9k_software_include_.._picolibc_src_libc_stdio_fgetc.o)
 .debug_macro   0x00002e9e       0x1c ../build/sipeed_tang_nano_9k//software/libc/libc.a(minimal__work_build_sipeed_tang_nano_9k_software_include_.._picolibc_src_libc_stdio_fgetc.o)
 .debug_macro   0x00002eba      0x554 ../build/sipeed_tang_nano_9k//software/libc/libc.a(minimal__work_build_sipeed_tang_nano_9k_software_include_.._picolibc_src_libc_stdio_fgetc.o)
 .debug_macro   0x0000340e       0x22 ../build/sipeed_tang_nano_9k//software/libc/libc.a(minimal__work_build_sipeed_tang_nano_9k_software_include_.._picolibc_src_libc_stdio_fgetc.o)
 .debug_macro   0x00003430       0x43 ../build/sipeed_tang_nano_9k//software/libc/libc.a(minimal__work_build_sipeed_tang_nano_9k_software_include_.._picolibc_src_libc_stdio_fgetc.o)
 .debug_macro   0x00003473       0x34 ../build/sipeed_tang_nano_9k//software/libc/libc.a(minimal__work_build_sipeed_tang_nano_9k_software_include_.._picolibc_src_libc_stdio_fgetc.o)
 .debug_macro   0x000034a7      0x183 ../build/sipeed_tang_nano_9k//software/libc/libc.a(minimal__work_build_sipeed_tang_nano_9k_software_include_.._picolibc_src_libc_stdio_fgetc.o)
 .debug_macro   0x0000362a      0x241 ../build/sipeed_tang_nano_9k//software/libc/libc.a(minimal__work_build_sipeed_tang_nano_9k_software_include_.._picolibc_src_libc_stdio_fgetc.o)
 .debug_macro   0x0000386b      0x196 ../build/sipeed_tang_nano_9k//software/libc/libc.a(minimal__work_build_sipeed_tang_nano_9k_software_include_.._picolibc_src_libc_stdio_fgetc.o)
 .debug_macro   0x00003a01       0x16 ../build/sipeed_tang_nano_9k//software/libc/libc.a(minimal__work_build_sipeed_tang_nano_9k_software_include_.._picolibc_src_libc_stdio_fgetc.o)
 .debug_macro   0x00003a17      0x106 ../build/sipeed_tang_nano_9k//software/libc/libc.a(minimal__work_build_sipeed_tang_nano_9k_software_include_.._picolibc_src_libc_stdio_fgetc.o)
 .debug_macro   0x00003b1d       0x16 ../build/sipeed_tang_nano_9k//software/libc/libc.a(minimal__work_build_sipeed_tang_nano_9k_software_include_.._picolibc_src_libc_stdio_fgetc.o)
 .debug_macro   0x00003b33      0x1b1 ../build/sipeed_tang_nano_9k//software/libc/libc.a(minimal__work_build_sipeed_tang_nano_9k_software_include_.._picolibc_src_libc_stdio_fgetc.o)
 .debug_macro   0x00003ce4       0x10 ../build/sipeed_tang_nano_9k//software/libc/libc.a(minimal__work_build_sipeed_tang_nano_9k_software_include_.._picolibc_src_libc_stdio_fgetc.o)
 .debug_macro   0x00003cf4       0x64 ../build/sipeed_tang_nano_9k//software/libc/libc.a(minimal__work_build_sipeed_tang_nano_9k_software_include_.._picolibc_src_libc_stdio_fgetc.o)
 .debug_macro   0x00003d58       0x1c ../build/sipeed_tang_nano_9k//software/libc/libc.a(minimal__work_build_sipeed_tang_nano_9k_software_include_.._picolibc_src_libc_stdio_fgetc.o)
 .debug_macro   0x00003d74       0x82 ../build/sipeed_tang_nano_9k//software/libc/libc.a(minimal__work_build_sipeed_tang_nano_9k_software_include_.._picolibc_src_libc_stdio_fgetc.o)
 .debug_macro   0x00003df6       0xa2 ../build/sipeed_tang_nano_9k//software/libc/libc.a(minimal__work_build_sipeed_tang_nano_9k_software_include_.._picolibc_src_libc_stdio_fgetc.o)
 .debug_macro   0x00003e98      0x2b0 ../build/sipeed_tang_nano_9k//software/libc/libc.a(minimal__work_build_sipeed_tang_nano_9k_software_include_.._picolibc_src_libc_stdio_fgetc.o)
 .debug_macro   0x00004148       0x12 ../build/sipeed_tang_nano_9k//software/libc/libc.a(minimal__work_build_sipeed_tang_nano_9k_software_include_.._picolibc_src_libc_stdio_fgetc.o)
 .debug_macro   0x0000415a       0x2e ../build/sipeed_tang_nano_9k//software/libc/libc.a(minimal__work_build_sipeed_tang_nano_9k_software_include_.._picolibc_src_libc_stdio_fgetc.o)
 .debug_macro   0x00004188       0xad ../build/sipeed_tang_nano_9k//software/libc/libc.a(minimal__work_build_sipeed_tang_nano_9k_software_include_.._picolibc_src_libc_stdio_fgetc.o)
 .debug_macro   0x00004235      0x24d ../build/sipeed_tang_nano_9k//software/libc/libc.a(minimal__work_build_sipeed_tang_nano_9k_software_include_.._picolibc_src_libc_stdio_fputc.o)
 .debug_macro   0x00004482      0x241 ../build/sipeed_tang_nano_9k//software/libc/libc.a(minimal__work_build_sipeed_tang_nano_9k_software_include_.._picolibc_src_libc_stdio_puts.o)
 .debug_macro   0x000046c3      0x12e ../build/sipeed_tang_nano_9k//software/libc/libc.a(_libc_minimal.a)
 .debug_macro   0x000047f1       0xd8 ../build/sipeed_tang_nano_9k//software/libbase/libbase.a(console.o)
 .debug_macro   0x000048c9      0x189 ../build/sipeed_tang_nano_9k//software/libbase/libbase.a(console.o)
 .debug_macro   0x00004a52       0xe7 ../build/sipeed_tang_nano_9k//software/libbase/libbase.a(uart.o)
